#! /usr/bin/vvp
:ivl_version "13.0 (stable)" "(v13_0-dirty)";
:ivl_delay_selection "TYPICAL";
:vpi_time_precision - 12;
:vpi_module "/usr/lib/ivl/system.vpi";
:vpi_module "/usr/lib/ivl/vhdl_sys.vpi";
:vpi_module "/usr/lib/ivl/vhdl_textio.vpi";
:vpi_module "/usr/lib/ivl/v2005_math.vpi";
:vpi_module "/usr/lib/ivl/va_math.vpi";
S_0x563c3df17080 .scope module, "adder_tb" "adder_tb" 2 3;
 .timescale -9 -12;
P_0x563c3df17210 .param/l "BIT_LENGTH" 0 2 5, +C4<00000000000000000000000000001000>;
v0x563c3df3e520_0 .net "cout", 0 0, L_0x563c3df3eef0;  1 drivers
v0x563c3df3e5e0_0 .var/i "errors", 31 0;
v0x563c3df3e6a0_0 .var "expected", 7 0;
v0x563c3df3e760_0 .var/i "i", 31 0;
v0x563c3df3e840_0 .net "is_zero", 0 0, L_0x563c3df4feb0;  1 drivers
v0x563c3df3e8e0_0 .var/i "j", 31 0;
v0x563c3df3e9a0_0 .net "overflow", 0 0, L_0x563c3df3fc50;  1 drivers
v0x563c3df3ea40_0 .var "subtract", 0 0;
v0x563c3df3eb10_0 .net "sum", 7 0, L_0x563c3df3efe0;  1 drivers
v0x563c3df3ebe0_0 .var "x", 7 0;
v0x563c3df3ecb0_0 .var "y", 7 0;
S_0x563c3df172b0 .scope module, "dut" "adder" 2 18, 3 1 0, S_0x563c3df17080;
 .timescale 0 0;
    .port_info 0 /INPUT 8 "x";
    .port_info 1 /INPUT 8 "y";
    .port_info 2 /INPUT 1 "subtract";
    .port_info 3 /OUTPUT 8 "sum";
    .port_info 4 /OUTPUT 1 "cout";
    .port_info 5 /OUTPUT 1 "overflow";
    .port_info 6 /OUTPUT 1 "is_zero";
P_0x563c3df17c00 .param/l "BIT_LENGTH" 0 3 2, +C4<00000000000000000000000000001000>;
L_0x563c3df077c0 .functor XOR 8, v0x563c3df3ecb0_0, L_0x563c3df3ed80, C4<00000000>, C4<00000000>;
L_0x563c3df3f470 .functor XNOR 1, L_0x563c3df3f840, L_0x563c3df3f8e0, C4<0>, C4<0>;
L_0x563c3df3fbe0 .functor XOR 1, L_0x563c3df3fa30, L_0x563c3df3fad0, C4<0>, C4<0>;
L_0x563c3df3fc50 .functor AND 1, L_0x563c3df3f470, L_0x563c3df3fbe0, C4<1>, C4<1>;
v0x563c3df0fe00_0 .net *"_ivl_1", 7 0, L_0x563c3df3ed80;  1 drivers
L_0x7f8f57b05018 .functor BUFT 1, C4<0>, C4<0>, C4<0>, C4<0>;
v0x563c3df3cef0_0 .net *"_ivl_10", 0 0, L_0x7f8f57b05018;  1 drivers
v0x563c3df3cfd0_0 .net *"_ivl_11", 8 0, L_0x563c3df3f290;  1 drivers
L_0x7f8f57b05060 .functor BUFT 1, C4<0>, C4<0>, C4<0>, C4<0>;
v0x563c3df3d090_0 .net *"_ivl_14", 0 0, L_0x7f8f57b05060;  1 drivers
v0x563c3df3d170_0 .net *"_ivl_15", 8 0, L_0x563c3df3f3d0;  1 drivers
v0x563c3df3d2a0_0 .net *"_ivl_17", 8 0, L_0x563c3df3f5c0;  1 drivers
L_0x7f8f57b050a8 .functor BUFT 1, C4<00000000>, C4<0>, C4<0>, C4<0>;
v0x563c3df3d380_0 .net *"_ivl_20", 7 0, L_0x7f8f57b050a8;  1 drivers
v0x563c3df3d460_0 .net *"_ivl_21", 8 0, L_0x563c3df3f6b0;  1 drivers
v0x563c3df3d540_0 .net *"_ivl_24", 0 0, L_0x563c3df3f840;  1 drivers
v0x563c3df3d620_0 .net *"_ivl_26", 0 0, L_0x563c3df3f8e0;  1 drivers
v0x563c3df3d700_0 .net *"_ivl_27", 0 0, L_0x563c3df3f470;  1 drivers
v0x563c3df3d7c0_0 .net *"_ivl_30", 0 0, L_0x563c3df3fa30;  1 drivers
v0x563c3df3d8a0_0 .net *"_ivl_32", 0 0, L_0x563c3df3fad0;  1 drivers
v0x563c3df3d980_0 .net *"_ivl_33", 0 0, L_0x563c3df3fbe0;  1 drivers
v0x563c3df3da40_0 .net *"_ivl_37", 31 0, L_0x563c3df3fdb0;  1 drivers
L_0x7f8f57b050f0 .functor BUFT 1, C4<000000000000000000000000>, C4<0>, C4<0>, C4<0>;
v0x563c3df3db20_0 .net *"_ivl_40", 23 0, L_0x7f8f57b050f0;  1 drivers
L_0x7f8f57b05138 .functor BUFT 1, C4<00000000000000000000000000000000>, C4<0>, C4<0>, C4<0>;
v0x563c3df3dc00_0 .net/2u *"_ivl_41", 31 0, L_0x7f8f57b05138;  1 drivers
v0x563c3df3dce0_0 .net *"_ivl_7", 8 0, L_0x563c3df3f120;  1 drivers
v0x563c3df3ddc0_0 .net "cout", 0 0, L_0x563c3df3eef0;  alias, 1 drivers
v0x563c3df3de80_0 .net "is_zero", 0 0, L_0x563c3df4feb0;  alias, 1 drivers
v0x563c3df3df40_0 .net "overflow", 0 0, L_0x563c3df3fc50;  alias, 1 drivers
v0x563c3df3e000_0 .net "subtract", 0 0, v0x563c3df3ea40_0;  1 drivers
v0x563c3df3e0c0_0 .net "sum", 7 0, L_0x563c3df3efe0;  alias, 1 drivers
v0x563c3df3e1a0_0 .net "x", 7 0, v0x563c3df3ebe0_0;  1 drivers
v0x563c3df3e280_0 .net "y", 7 0, v0x563c3df3ecb0_0;  1 drivers
v0x563c3df3e360_0 .net "y_mod", 7 0, L_0x563c3df077c0;  1 drivers
L_0x563c3df3ed80 .repeat 8, 8, v0x563c3df3ea40_0;
L_0x563c3df3eef0 .part L_0x563c3df3f6b0, 8, 1;
L_0x563c3df3efe0 .part L_0x563c3df3f6b0, 0, 8;
L_0x563c3df3f120 .concat [ 8 1 0 0], v0x563c3df3ebe0_0, L_0x7f8f57b05018;
L_0x563c3df3f290 .concat [ 8 1 0 0], L_0x563c3df077c0, L_0x7f8f57b05060;
L_0x563c3df3f3d0 .arith/sum 9, L_0x563c3df3f120, L_0x563c3df3f290;
L_0x563c3df3f5c0 .concat [ 1 8 0 0], v0x563c3df3ea40_0, L_0x7f8f57b050a8;
L_0x563c3df3f6b0 .arith/sum 9, L_0x563c3df3f3d0, L_0x563c3df3f5c0;
L_0x563c3df3f840 .part v0x563c3df3ebe0_0, 7, 1;
L_0x563c3df3f8e0 .part L_0x563c3df077c0, 7, 1;
L_0x563c3df3fa30 .part L_0x563c3df3efe0, 7, 1;
L_0x563c3df3fad0 .part v0x563c3df3ebe0_0, 7, 1;
L_0x563c3df3fdb0 .concat [ 8 24 0 0], L_0x563c3df3efe0, L_0x7f8f57b050f0;
L_0x563c3df4feb0 .cmp/eq 32, L_0x563c3df3fdb0, L_0x7f8f57b05138;
    .scope S_0x563c3df17080;
T_0 ;
    %pushi/vec4 0, 0, 32;
    %store/vec4 v0x563c3df3e5e0_0, 0, 32;
    %end;
    .thread T_0;
    .scope S_0x563c3df17080;
T_1 ;
    %pushi/vec4 0, 0, 32;
    %store/vec4 v0x563c3df3e760_0, 0, 32;
T_1.0 ; Top of for-loop
    %load/vec4 v0x563c3df3e760_0;
    %cmpi/s 256, 0, 32;
	  %jmp/0xz T_1.1, 5;
    %pushi/vec4 0, 0, 32;
    %store/vec4 v0x563c3df3e8e0_0, 0, 32;
T_1.3 ; Top of for-loop
    %load/vec4 v0x563c3df3e8e0_0;
    %cmpi/s 256, 0, 32;
	  %jmp/0xz T_1.4, 5;
    %load/vec4 v0x563c3df3e760_0;
    %pad/s 8;
    %store/vec4 v0x563c3df3ebe0_0, 0, 8;
    %load/vec4 v0x563c3df3e8e0_0;
    %pad/s 8;
    %store/vec4 v0x563c3df3ecb0_0, 0, 8;
    %pushi/vec4 0, 0, 1;
    %store/vec4 v0x563c3df3ea40_0, 0, 1;
    %delay 1000, 0;
    %load/vec4 v0x563c3df3ebe0_0;
    %load/vec4 v0x563c3df3ecb0_0;
    %add;
    %store/vec4 v0x563c3df3e6a0_0, 0, 8;
    %load/vec4 v0x563c3df3eb10_0;
    %load/vec4 v0x563c3df3e6a0_0;
    %cmp/ne;
    %jmp/0xz  T_1.6, 6;
    %load/vec4 v0x563c3df3e5e0_0;
    %addi 1, 0, 32;
    %store/vec4 v0x563c3df3e5e0_0, 0, 32;
    %vpi_call 2 40 "$display", "FAIL: x=%0d y=%0d -> sum=%0d cout=%0b (expected sum=%0d cout=%0b)", v0x563c3df3ebe0_0, v0x563c3df3ecb0_0, v0x563c3df3eb10_0, v0x563c3df3e520_0, v0x563c3df3e6a0_0, 1'bx {0 0 0};
T_1.6 ;
    %load/vec4 v0x563c3df3e6a0_0;
    %pad/u 32;
    %cmpi/e 0, 0, 32;
    %flag_get/vec4 4;
    %jmp/0 T_1.11, 4;
    %load/vec4 v0x563c3df3e840_0;
    %pad/u 32;
    %pushi/vec4 1, 0, 32;
    %cmp/e;
    %flag_get/vec4 4;
    %and;
T_1.11;
    %flag_set/vec4 8;
    %jmp/1 T_1.10, 8;
    %load/vec4 v0x563c3df3e6a0_0;
    %pad/u 32;
    %cmpi/ne 0, 0, 32;
    %flag_get/vec4 4;
    %jmp/0 T_1.12, 4;
    %load/vec4 v0x563c3df3e840_0;
    %pad/u 32;
    %pushi/vec4 0, 0, 32;
    %cmp/e;
    %flag_get/vec4 4;
    %and;
T_1.12;
    %flag_set/vec4 9;
    %flag_or 8, 9;
T_1.10;
    %jmp/0xz  T_1.8, 8;
    %jmp T_1.9;
T_1.8 ;
    %load/vec4 v0x563c3df3e5e0_0;
    %addi 1, 0, 32;
    %store/vec4 v0x563c3df3e5e0_0, 0, 32;
    %vpi_call 2 46 "$display", "FAIL!IS ZERO ERROR!CASE x=%0d, y=%0d, sum=%0d, exp=%0d, is_zero=%0d", v0x563c3df3ebe0_0, v0x563c3df3ecb0_0, v0x563c3df3eb10_0, v0x563c3df3e6a0_0, v0x563c3df3e840_0 {0 0 0};
T_1.9 ;
    %load/vec4 v0x563c3df3e760_0;
    %pad/s 8;
    %store/vec4 v0x563c3df3ebe0_0, 0, 8;
    %load/vec4 v0x563c3df3e8e0_0;
    %pad/s 8;
    %store/vec4 v0x563c3df3ecb0_0, 0, 8;
    %pushi/vec4 1, 0, 1;
    %store/vec4 v0x563c3df3ea40_0, 0, 1;
    %delay 1000, 0;
    %load/vec4 v0x563c3df3ebe0_0;
    %load/vec4 v0x563c3df3ecb0_0;
    %sub;
    %store/vec4 v0x563c3df3e6a0_0, 0, 8;
    %load/vec4 v0x563c3df3eb10_0;
    %load/vec4 v0x563c3df3e6a0_0;
    %cmp/ne;
    %jmp/0xz  T_1.13, 6;
    %load/vec4 v0x563c3df3e5e0_0;
    %addi 1, 0, 32;
    %store/vec4 v0x563c3df3e5e0_0, 0, 32;
    %vpi_call 2 57 "$display", "FAIL: x=%0d y=%0d -> sum=%0d cout=%0b (expected sum=%0d cout=%0b)", v0x563c3df3ebe0_0, v0x563c3df3ecb0_0, v0x563c3df3eb10_0, v0x563c3df3e520_0, v0x563c3df3e6a0_0, 1'bx {0 0 0};
T_1.13 ;
    %load/vec4 v0x563c3df3e6a0_0;
    %pad/u 32;
    %cmpi/e 0, 0, 32;
    %flag_get/vec4 4;
    %jmp/0 T_1.18, 4;
    %load/vec4 v0x563c3df3e840_0;
    %pad/u 32;
    %pushi/vec4 1, 0, 32;
    %cmp/e;
    %flag_get/vec4 4;
    %and;
T_1.18;
    %flag_set/vec4 8;
    %jmp/1 T_1.17, 8;
    %load/vec4 v0x563c3df3e6a0_0;
    %pad/u 32;
    %cmpi/ne 0, 0, 32;
    %flag_get/vec4 4;
    %jmp/0 T_1.19, 4;
    %load/vec4 v0x563c3df3e840_0;
    %pad/u 32;
    %pushi/vec4 0, 0, 32;
    %cmp/e;
    %flag_get/vec4 4;
    %and;
T_1.19;
    %flag_set/vec4 9;
    %flag_or 8, 9;
T_1.17;
    %jmp/0xz  T_1.15, 8;
    %jmp T_1.16;
T_1.15 ;
    %load/vec4 v0x563c3df3e5e0_0;
    %addi 1, 0, 32;
    %store/vec4 v0x563c3df3e5e0_0, 0, 32;
    %vpi_call 2 63 "$display", "FAIL!IS ZERO ERROR!CASE x=%0d, y=%0d, sum=%0d, exp=%0d, is_zero=%0d", v0x563c3df3ebe0_0, v0x563c3df3ecb0_0, v0x563c3df3eb10_0, v0x563c3df3e6a0_0, v0x563c3df3e840_0 {0 0 0};
T_1.16 ;
T_1.5 ; for-loop step statement
    %load/vec4 v0x563c3df3e8e0_0;
    %addi 1, 0, 32;
    %store/vec4 v0x563c3df3e8e0_0, 0, 32;
    %jmp T_1.3;
T_1.4 ; for-loop exit label
T_1.2 ; for-loop step statement
    %load/vec4 v0x563c3df3e760_0;
    %addi 1, 0, 32;
    %store/vec4 v0x563c3df3e760_0, 0, 32;
    %jmp T_1.0;
T_1.1 ; for-loop exit label
    %load/vec4 v0x563c3df3e5e0_0;
    %cmpi/e 0, 0, 32;
    %jmp/0xz  T_1.20, 4;
    %vpi_call 2 69 "$display", "ALL %0d TESTS PASSED", 32'sb00000000000000010000000000000000 {0 0 0};
    %jmp T_1.21;
T_1.20 ;
    %vpi_call 2 70 "$display", "%0d TEST(S) FAILED", v0x563c3df3e5e0_0 {0 0 0};
T_1.21 ;
    %vpi_call 2 72 "$finish" {0 0 0};
    %end;
    .thread T_1;
# The file index is used to find the file name in the following table.
:file_names 4;
    "N/A";
    "<interactive>";
    "tb/adder_tb.v";
    "rtl/adder.v";
