#! /usr/bin/vvp
:ivl_version "13.0 (stable)" "(v13_0-dirty)";
:ivl_delay_selection "TYPICAL";
:vpi_time_precision - 12;
:vpi_module "/usr/lib/ivl/system.vpi";
:vpi_module "/usr/lib/ivl/vhdl_sys.vpi";
:vpi_module "/usr/lib/ivl/vhdl_textio.vpi";
:vpi_module "/usr/lib/ivl/v2005_math.vpi";
:vpi_module "/usr/lib/ivl/va_math.vpi";
S_0x560016c9f660 .scope module, "alu_tb" "alu_tb" 2 4;
 .timescale -9 -12;
P_0x560016cabdf0 .param/l "WIDTH" 0 2 6, +C4<00000000000000000000000000001000>;
v0x560016cdec30_0 .net "cout", 0 0, L_0x560016cf10f0;  1 drivers
v0x560016cdecf0_0 .var "opcode", 3 0;
v0x560016cdedc0_0 .net "overflow", 0 0, L_0x560016cf11b0;  1 drivers
v0x560016cdeec0_0 .net "result", 7 0, v0x560016cde330_0;  1 drivers
v0x560016cdef90_0 .var "x", 7 0;
v0x560016cdf080_0 .var "y", 7 0;
v0x560016cdf120_0 .net "zero", 0 0, L_0x560016cf0f60;  1 drivers
S_0x560016c9f840 .scope module, "dut" "alu" 2 14, 3 1 0, S_0x560016c9f660;
 .timescale 0 0;
    .port_info 0 /INPUT 8 "x";
    .port_info 1 /INPUT 8 "y";
    .port_info 2 /INPUT 4 "opcode";
    .port_info 3 /OUTPUT 8 "result";
    .port_info 4 /OUTPUT 1 "zero";
    .port_info 5 /OUTPUT 1 "cout";
    .port_info 6 /OUTPUT 1 "overflow";
P_0x560016cb3670 .param/l "ADD" 1 3 14, C4<0000>;
P_0x560016cb36b0 .param/l "AND" 1 3 18, C4<0010>;
P_0x560016cb36f0 .param/l "NOR" 1 3 21, C4<0110>;
P_0x560016cb3730 .param/l "OR" 1 3 19, C4<0100>;
P_0x560016cb3770 .param/l "SLL" 1 3 22, C4<1000>;
P_0x560016cb37b0 .param/l "SLT" 1 3 16, C4<0011>;
P_0x560016cb37f0 .param/l "SLTU" 1 3 17, C4<0111>;
P_0x560016cb3830 .param/l "SRL" 1 3 23, C4<1001>;
P_0x560016cb3870 .param/l "SUB" 1 3 15, C4<0001>;
P_0x560016cb38b0 .param/l "WIDTH" 0 3 2, +C4<00000000000000000000000000001000>;
P_0x560016cb38f0 .param/l "XOR" 1 3 20, C4<0101>;
L_0x560016cf10f0 .functor BUFZ 1, L_0x560016cdf3c0, C4<0>, C4<0>, C4<0>;
L_0x560016cf11b0 .functor BUFZ 1, L_0x560016ce00d0, C4<0>, C4<0>, C4<0>;
L_0x7f98c67b7180 .functor BUFT 1, C4<00000000>, C4<0>, C4<0>, C4<0>;
v0x560016cddc20_0 .net/2u *"_ivl_4", 7 0, L_0x7f98c67b7180;  1 drivers
v0x560016cddd20_0 .net "adder_cout", 0 0, L_0x560016cdf3c0;  1 drivers
v0x560016cddde0_0 .net "adder_overflow", 0 0, L_0x560016ce00d0;  1 drivers
v0x560016cdde80_0 .net "adder_zero", 0 0, L_0x560016cf0330;  1 drivers
v0x560016cddf20_0 .net "and_res", 7 0, L_0x560016cf0740;  1 drivers
v0x560016cde010_0 .net "cout", 0 0, L_0x560016cf10f0;  alias, 1 drivers
v0x560016cde0b0_0 .net "nor_res", 7 0, L_0x560016cf0a90;  1 drivers
v0x560016cde150_0 .net "opcode", 3 0, v0x560016cdecf0_0;  1 drivers
v0x560016cde1f0_0 .net "or_res", 7 0, L_0x560016cf0910;  1 drivers
v0x560016cde290_0 .net "overflow", 0 0, L_0x560016cf11b0;  alias, 1 drivers
v0x560016cde330_0 .var "result", 7 0;
v0x560016cde3f0_0 .net "sll_res", 7 0, L_0x560016cf0b80;  1 drivers
v0x560016cde4b0_0 .net "slt", 0 0, L_0x560016cdffa0;  1 drivers
v0x560016cde580_0 .net "sltu", 0 0, L_0x560016cf0680;  1 drivers
v0x560016cde650_0 .net "srl_res", 7 0, L_0x560016cf0c70;  1 drivers
v0x560016cde720_0 .net "subtract", 0 0, L_0x560016cdf1c0;  1 drivers
v0x560016cde7f0_0 .net "sum", 7 0, L_0x560016cdf4b0;  1 drivers
v0x560016cde8c0_0 .net "x", 7 0, v0x560016cdef90_0;  1 drivers
v0x560016cde960_0 .net "xor_res", 7 0, L_0x560016cf09d0;  1 drivers
v0x560016cdea30_0 .net "y", 7 0, v0x560016cdf080_0;  1 drivers
v0x560016cdead0_0 .net "zero", 0 0, L_0x560016cf0f60;  alias, 1 drivers
E_0x560016cab310/0 .event anyedge, v0x560016cde150_0, v0x560016cdc820_0, v0x560016cdc5e0_0, v0x560016cdc6a0_0;
E_0x560016cab310/1 .event anyedge, v0x560016cdcfe0_0, v0x560016cdd1a0_0, v0x560016cdd320_0, v0x560016cdd0c0_0;
E_0x560016cab310/2 .event anyedge, v0x560016cdd810_0, v0x560016cdd8f0_0;
E_0x560016cab310 .event/or E_0x560016cab310/0, E_0x560016cab310/1, E_0x560016cab310/2;
L_0x560016cdf1c0 .part v0x560016cdecf0_0, 0, 1;
L_0x560016cf0db0 .part v0x560016cdf080_0, 0, 3;
L_0x560016cf0f60 .cmp/eq 8, v0x560016cde330_0, L_0x7f98c67b7180;
S_0x560016cb0d90 .scope module, "u_adder" "adder" 3 28, 4 1 0, S_0x560016c9f840;
 .timescale 0 0;
    .port_info 0 /INPUT 8 "x";
    .port_info 1 /INPUT 8 "y";
    .port_info 2 /INPUT 1 "subtract";
    .port_info 3 /OUTPUT 8 "sum";
    .port_info 4 /OUTPUT 1 "cout";
    .port_info 5 /OUTPUT 1 "overflow";
    .port_info 6 /OUTPUT 1 "is_zero";
    .port_info 7 /OUTPUT 1 "slt";
    .port_info 8 /OUTPUT 1 "slt_u";
P_0x560016cb0f70 .param/l "BIT_LENGTH" 0 4 2, +C4<00000000000000000000000000001000>;
L_0x560016cdf350 .functor XOR 8, v0x560016cdf080_0, L_0x560016cdf2b0, C4<00000000>, C4<00000000>;
L_0x560016cdf8f0 .functor XNOR 1, L_0x560016cdfc70, L_0x560016cdfd10, C4<0>, C4<0>;
L_0x560016ce0010 .functor XOR 1, L_0x560016cdfe60, L_0x560016cdff00, C4<0>, C4<0>;
L_0x560016ce00d0 .functor AND 1, L_0x560016cdf8f0, L_0x560016ce0010, C4<1>, C4<1>;
L_0x560016cdffa0 .functor XOR 1, L_0x560016cf0540, L_0x560016ce00d0, C4<0>, C4<0>;
L_0x560016cf0680 .functor NOT 1, L_0x560016cdf3c0, C4<0>, C4<0>, C4<0>;
v0x560016cb4970_0 .net *"_ivl_1", 7 0, L_0x560016cdf2b0;  1 drivers
L_0x7f98c67b7018 .functor BUFT 1, C4<0>, C4<0>, C4<0>, C4<0>;
v0x560016cdb3f0_0 .net *"_ivl_10", 0 0, L_0x7f98c67b7018;  1 drivers
v0x560016cdb4d0_0 .net *"_ivl_11", 8 0, L_0x560016cdf710;  1 drivers
L_0x7f98c67b7060 .functor BUFT 1, C4<0>, C4<0>, C4<0>, C4<0>;
v0x560016cdb590_0 .net *"_ivl_14", 0 0, L_0x7f98c67b7060;  1 drivers
v0x560016cdb670_0 .net *"_ivl_15", 8 0, L_0x560016cdf850;  1 drivers
v0x560016cdb7a0_0 .net *"_ivl_17", 8 0, L_0x560016cdfa40;  1 drivers
L_0x7f98c67b70a8 .functor BUFT 1, C4<00000000>, C4<0>, C4<0>, C4<0>;
v0x560016cdb880_0 .net *"_ivl_20", 7 0, L_0x7f98c67b70a8;  1 drivers
v0x560016cdb960_0 .net *"_ivl_21", 8 0, L_0x560016cdfae0;  1 drivers
v0x560016cdba40_0 .net *"_ivl_24", 0 0, L_0x560016cdfc70;  1 drivers
v0x560016cdbb20_0 .net *"_ivl_26", 0 0, L_0x560016cdfd10;  1 drivers
v0x560016cdbc00_0 .net *"_ivl_27", 0 0, L_0x560016cdf8f0;  1 drivers
v0x560016cdbcc0_0 .net *"_ivl_30", 0 0, L_0x560016cdfe60;  1 drivers
v0x560016cdbda0_0 .net *"_ivl_32", 0 0, L_0x560016cdff00;  1 drivers
v0x560016cdbe80_0 .net *"_ivl_33", 0 0, L_0x560016ce0010;  1 drivers
v0x560016cdbf40_0 .net *"_ivl_37", 31 0, L_0x560016ce0230;  1 drivers
L_0x7f98c67b70f0 .functor BUFT 1, C4<000000000000000000000000>, C4<0>, C4<0>, C4<0>;
v0x560016cdc020_0 .net *"_ivl_40", 23 0, L_0x7f98c67b70f0;  1 drivers
L_0x7f98c67b7138 .functor BUFT 1, C4<00000000000000000000000000000000>, C4<0>, C4<0>, C4<0>;
v0x560016cdc100_0 .net/2u *"_ivl_41", 31 0, L_0x7f98c67b7138;  1 drivers
v0x560016cdc1e0_0 .net *"_ivl_46", 0 0, L_0x560016cf0540;  1 drivers
v0x560016cdc2c0_0 .net *"_ivl_7", 8 0, L_0x560016cdf5f0;  1 drivers
v0x560016cdc3a0_0 .net "cout", 0 0, L_0x560016cdf3c0;  alias, 1 drivers
v0x560016cdc460_0 .net "is_zero", 0 0, L_0x560016cf0330;  alias, 1 drivers
v0x560016cdc520_0 .net "overflow", 0 0, L_0x560016ce00d0;  alias, 1 drivers
v0x560016cdc5e0_0 .net "slt", 0 0, L_0x560016cdffa0;  alias, 1 drivers
v0x560016cdc6a0_0 .net "slt_u", 0 0, L_0x560016cf0680;  alias, 1 drivers
v0x560016cdc760_0 .net "subtract", 0 0, L_0x560016cdf1c0;  alias, 1 drivers
v0x560016cdc820_0 .net "sum", 7 0, L_0x560016cdf4b0;  alias, 1 drivers
v0x560016cdc900_0 .net "x", 7 0, v0x560016cdef90_0;  alias, 1 drivers
v0x560016cdc9e0_0 .net "y", 7 0, v0x560016cdf080_0;  alias, 1 drivers
v0x560016cdcac0_0 .net "y_mod", 7 0, L_0x560016cdf350;  1 drivers
L_0x560016cdf2b0 .repeat 8, 8, L_0x560016cdf1c0;
L_0x560016cdf3c0 .part L_0x560016cdfae0, 8, 1;
L_0x560016cdf4b0 .part L_0x560016cdfae0, 0, 8;
L_0x560016cdf5f0 .concat [ 8 1 0 0], v0x560016cdef90_0, L_0x7f98c67b7018;
L_0x560016cdf710 .concat [ 8 1 0 0], L_0x560016cdf350, L_0x7f98c67b7060;
L_0x560016cdf850 .arith/sum 9, L_0x560016cdf5f0, L_0x560016cdf710;
L_0x560016cdfa40 .concat [ 1 8 0 0], L_0x560016cdf1c0, L_0x7f98c67b70a8;
L_0x560016cdfae0 .arith/sum 9, L_0x560016cdf850, L_0x560016cdfa40;
L_0x560016cdfc70 .part v0x560016cdef90_0, 7, 1;
L_0x560016cdfd10 .part L_0x560016cdf350, 7, 1;
L_0x560016cdfe60 .part L_0x560016cdf4b0, 7, 1;
L_0x560016cdff00 .part v0x560016cdef90_0, 7, 1;
L_0x560016ce0230 .concat [ 8 24 0 0], L_0x560016cdf4b0, L_0x7f98c67b70f0;
L_0x560016cf0330 .cmp/eq 32, L_0x560016ce0230, L_0x7f98c67b7138;
L_0x560016cf0540 .part L_0x560016cdf4b0, 7, 1;
S_0x560016cdccc0 .scope module, "u_bitwise" "bitwiseops" 3 43, 5 1 0, S_0x560016c9f840;
 .timescale 0 0;
    .port_info 0 /INPUT 8 "x";
    .port_info 1 /INPUT 8 "y";
    .port_info 2 /OUTPUT 8 "and_res";
    .port_info 3 /OUTPUT 8 "or_res";
    .port_info 4 /OUTPUT 8 "xor_res";
    .port_info 5 /OUTPUT 8 "nor_res";
P_0x560016cdce70 .param/l "BIT_LENGTH" 0 5 2, +C4<00000000000000000000000000001000>;
L_0x560016cf0740 .functor AND 8, v0x560016cdef90_0, v0x560016cdf080_0, C4<11111111>, C4<11111111>;
L_0x560016cf0910 .functor OR 8, v0x560016cdef90_0, v0x560016cdf080_0, C4<00000000>, C4<00000000>;
L_0x560016cf09d0 .functor XOR 8, v0x560016cdef90_0, v0x560016cdf080_0, C4<00000000>, C4<00000000>;
L_0x560016cf0a90 .functor NOT 8, L_0x560016cf0910, C4<00000000>, C4<00000000>, C4<00000000>;
v0x560016cdcfe0_0 .net "and_res", 7 0, L_0x560016cf0740;  alias, 1 drivers
v0x560016cdd0c0_0 .net "nor_res", 7 0, L_0x560016cf0a90;  alias, 1 drivers
v0x560016cdd1a0_0 .net "or_res", 7 0, L_0x560016cf0910;  alias, 1 drivers
v0x560016cdd260_0 .net "x", 7 0, v0x560016cdef90_0;  alias, 1 drivers
v0x560016cdd320_0 .net "xor_res", 7 0, L_0x560016cf09d0;  alias, 1 drivers
v0x560016cdd430_0 .net "y", 7 0, v0x560016cdf080_0;  alias, 1 drivers
S_0x560016cdd590 .scope module, "u_shifter" "shifter" 3 55, 6 1 0, S_0x560016c9f840;
 .timescale 0 0;
    .port_info 0 /INPUT 8 "x";
    .port_info 1 /INPUT 3 "shamt";
    .port_info 2 /OUTPUT 8 "result_r";
    .port_info 3 /OUTPUT 8 "result_l";
P_0x560016cdd770 .param/l "BIT_LENGTH" 0 6 2, +C4<00000000000000000000000000001000>;
v0x560016cdd810_0 .net "result_l", 7 0, L_0x560016cf0b80;  alias, 1 drivers
v0x560016cdd8f0_0 .net "result_r", 7 0, L_0x560016cf0c70;  alias, 1 drivers
v0x560016cdd9d0_0 .net "shamt", 2 0, L_0x560016cf0db0;  1 drivers
v0x560016cdda90_0 .net "x", 7 0, v0x560016cdef90_0;  alias, 1 drivers
L_0x560016cf0b80 .shift/l 8, v0x560016cdef90_0, L_0x560016cf0db0;
L_0x560016cf0c70 .shift/r 8, v0x560016cdef90_0, L_0x560016cf0db0;
    .scope S_0x560016c9f840;
T_0 ;
    %wait E_0x560016cab310;
    %load/vec4 v0x560016cde150_0;
    %dup/vec4;
    %pushi/vec4 0, 0, 4;
    %cmp/u;
    %jmp/1 T_0.0, 6;
    %dup/vec4;
    %pushi/vec4 1, 0, 4;
    %cmp/u;
    %jmp/1 T_0.1, 6;
    %dup/vec4;
    %pushi/vec4 3, 0, 4;
    %cmp/u;
    %jmp/1 T_0.2, 6;
    %dup/vec4;
    %pushi/vec4 7, 0, 4;
    %cmp/u;
    %jmp/1 T_0.3, 6;
    %dup/vec4;
    %pushi/vec4 2, 0, 4;
    %cmp/u;
    %jmp/1 T_0.4, 6;
    %dup/vec4;
    %pushi/vec4 4, 0, 4;
    %cmp/u;
    %jmp/1 T_0.5, 6;
    %dup/vec4;
    %pushi/vec4 5, 0, 4;
    %cmp/u;
    %jmp/1 T_0.6, 6;
    %dup/vec4;
    %pushi/vec4 6, 0, 4;
    %cmp/u;
    %jmp/1 T_0.7, 6;
    %dup/vec4;
    %pushi/vec4 8, 0, 4;
    %cmp/u;
    %jmp/1 T_0.8, 6;
    %dup/vec4;
    %pushi/vec4 9, 0, 4;
    %cmp/u;
    %jmp/1 T_0.9, 6;
    %pushi/vec4 0, 0, 8;
    %store/vec4 v0x560016cde330_0, 0, 8;
    %jmp T_0.11;
T_0.0 ;
    %load/vec4 v0x560016cde7f0_0;
    %store/vec4 v0x560016cde330_0, 0, 8;
    %jmp T_0.11;
T_0.1 ;
    %load/vec4 v0x560016cde7f0_0;
    %store/vec4 v0x560016cde330_0, 0, 8;
    %jmp T_0.11;
T_0.2 ;
    %pushi/vec4 0, 0, 7;
    %load/vec4 v0x560016cde4b0_0;
    %concat/vec4; draw_concat_vec4
    %store/vec4 v0x560016cde330_0, 0, 8;
    %jmp T_0.11;
T_0.3 ;
    %pushi/vec4 0, 0, 7;
    %load/vec4 v0x560016cde580_0;
    %concat/vec4; draw_concat_vec4
    %store/vec4 v0x560016cde330_0, 0, 8;
    %jmp T_0.11;
T_0.4 ;
    %load/vec4 v0x560016cddf20_0;
    %store/vec4 v0x560016cde330_0, 0, 8;
    %jmp T_0.11;
T_0.5 ;
    %load/vec4 v0x560016cde1f0_0;
    %store/vec4 v0x560016cde330_0, 0, 8;
    %jmp T_0.11;
T_0.6 ;
    %load/vec4 v0x560016cde960_0;
    %store/vec4 v0x560016cde330_0, 0, 8;
    %jmp T_0.11;
T_0.7 ;
    %load/vec4 v0x560016cde0b0_0;
    %store/vec4 v0x560016cde330_0, 0, 8;
    %jmp T_0.11;
T_0.8 ;
    %load/vec4 v0x560016cde3f0_0;
    %store/vec4 v0x560016cde330_0, 0, 8;
    %jmp T_0.11;
T_0.9 ;
    %load/vec4 v0x560016cde650_0;
    %store/vec4 v0x560016cde330_0, 0, 8;
    %jmp T_0.11;
T_0.11 ;
    %pop/vec4 1;
    %jmp T_0;
    .thread T_0, $push;
    .scope S_0x560016c9f660;
T_1 ;
    %vpi_call 2 25 "$display", "--- Starting ALU Integration Tests ---" {0 0 0};
    %pushi/vec4 10, 0, 8;
    %store/vec4 v0x560016cdef90_0, 0, 8;
    %pushi/vec4 15, 0, 8;
    %store/vec4 v0x560016cdf080_0, 0, 8;
    %pushi/vec4 0, 0, 4;
    %store/vec4 v0x560016cdecf0_0, 0, 4;
    %delay 10000, 0;
    %load/vec4 v0x560016cdeec0_0;
    %cmpi/ne 25, 0, 8;
    %jmp/0xz  T_1.0, 6;
    %vpi_call 2 29 "$display", "FAIL: ADD routed incorrectly!" {0 0 0};
    %jmp T_1.1;
T_1.0 ;
    %vpi_call 2 30 "$display", "PASS: ADD" {0 0 0};
T_1.1 ;
    %pushi/vec4 20, 0, 8;
    %store/vec4 v0x560016cdef90_0, 0, 8;
    %pushi/vec4 5, 0, 8;
    %store/vec4 v0x560016cdf080_0, 0, 8;
    %pushi/vec4 1, 0, 4;
    %store/vec4 v0x560016cdecf0_0, 0, 4;
    %delay 10000, 0;
    %load/vec4 v0x560016cdeec0_0;
    %cmpi/ne 15, 0, 8;
    %jmp/0xz  T_1.2, 6;
    %vpi_call 2 34 "$display", "FAIL: SUB routed incorrectly!" {0 0 0};
    %jmp T_1.3;
T_1.2 ;
    %vpi_call 2 35 "$display", "PASS: SUB" {0 0 0};
T_1.3 ;
    %pushi/vec4 170, 0, 8;
    %store/vec4 v0x560016cdef90_0, 0, 8;
    %pushi/vec4 240, 0, 8;
    %store/vec4 v0x560016cdf080_0, 0, 8;
    %pushi/vec4 2, 0, 4;
    %store/vec4 v0x560016cdecf0_0, 0, 4;
    %delay 10000, 0;
    %load/vec4 v0x560016cdeec0_0;
    %cmpi/ne 160, 0, 8;
    %jmp/0xz  T_1.4, 6;
    %vpi_call 2 39 "$display", "FAIL: AND routed incorrectly!" {0 0 0};
    %jmp T_1.5;
T_1.4 ;
    %vpi_call 2 40 "$display", "PASS: AND" {0 0 0};
T_1.5 ;
    %pushi/vec4 1, 0, 8;
    %store/vec4 v0x560016cdef90_0, 0, 8;
    %pushi/vec4 3, 0, 8;
    %store/vec4 v0x560016cdf080_0, 0, 8;
    %pushi/vec4 8, 0, 4;
    %store/vec4 v0x560016cdecf0_0, 0, 4;
    %delay 10000, 0;
    %load/vec4 v0x560016cdeec0_0;
    %cmpi/ne 8, 0, 8;
    %jmp/0xz  T_1.6, 6;
    %vpi_call 2 44 "$display", "FAIL: SLL routed incorrectly!" {0 0 0};
    %jmp T_1.7;
T_1.6 ;
    %vpi_call 2 45 "$display", "PASS: SLL" {0 0 0};
T_1.7 ;
    %vpi_call 2 47 "$display", "--- ALU Tests Completed ---" {0 0 0};
    %vpi_call 2 48 "$finish" {0 0 0};
    %end;
    .thread T_1;
# The file index is used to find the file name in the following table.
:file_names 7;
    "N/A";
    "<interactive>";
    "tb/ALU_tb.v";
    "rtl/ALU.v";
    "rtl/adder.v";
    "rtl/bitwiseops.v";
    "rtl/shifter.v";
