#! /usr/bin/vvp
:ivl_version "13.0 (stable)" "(v13_0-dirty)";
:ivl_delay_selection "TYPICAL";
:vpi_time_precision - 12;
:vpi_module "/usr/lib/ivl/system.vpi";
:vpi_module "/usr/lib/ivl/vhdl_sys.vpi";
:vpi_module "/usr/lib/ivl/vhdl_textio.vpi";
:vpi_module "/usr/lib/ivl/v2005_math.vpi";
:vpi_module "/usr/lib/ivl/va_math.vpi";
S_0x558354ffbf10 .scope module, "bitwiseops_tb" "bitwiseops_tb" 2 3;
 .timescale -9 -12;
P_0x558354ffc0a0 .param/l "BIT_LENGTH" 0 2 5, +C4<00000000000000000000000000001000>;
v0x558355017b60_0 .net "and_w", 7 0, L_0x558354feb270;  1 drivers
v0x558355017c40_0 .var/i "errors", 31 0;
v0x558355017d00_0 .var "exp_and", 7 0;
v0x558355017dc0_0 .var "exp_nor", 7 0;
v0x558355017ea0_0 .var "exp_or", 7 0;
v0x558355017fd0_0 .var "exp_xor", 7 0;
v0x5583550180b0_0 .var/i "i", 31 0;
v0x558355018190_0 .var/i "j", 31 0;
v0x558355018270_0 .net "nor_w", 7 0, L_0x5583550187e0;  1 drivers
v0x558355018330_0 .net "or_w", 7 0, L_0x558354feb4f0;  1 drivers
v0x5583550183d0_0 .var "x", 7 0;
v0x5583550184a0_0 .net "xor_w", 7 0, L_0x558354feb560;  1 drivers
v0x558355018570_0 .var "y", 7 0;
S_0x558354ffc140 .scope module, "dut" "bitwiseops" 2 17, 3 1 0, S_0x558354ffbf10;
 .timescale 0 0;
    .port_info 0 /INPUT 8 "x";
    .port_info 1 /INPUT 8 "y";
    .port_info 2 /OUTPUT 8 "and_res";
    .port_info 3 /OUTPUT 8 "or_res";
    .port_info 4 /OUTPUT 8 "xor_res";
    .port_info 5 /OUTPUT 8 "nor_res";
P_0x558354ffca70 .param/l "BIT_LENGTH" 0 3 2, +C4<00000000000000000000000000001000>;
L_0x558354feb270 .functor AND 8, v0x5583550183d0_0, v0x558355018570_0, C4<11111111>, C4<11111111>;
L_0x558354feb4f0 .functor OR 8, v0x5583550183d0_0, v0x558355018570_0, C4<00000000>, C4<00000000>;
L_0x558354feb560 .functor XOR 8, v0x5583550183d0_0, v0x558355018570_0, C4<00000000>, C4<00000000>;
L_0x5583550187e0 .functor NOT 8, L_0x558354feb4f0, C4<00000000>, C4<00000000>, C4<00000000>;
v0x558354fee800_0 .net "and_res", 7 0, L_0x558354feb270;  alias, 1 drivers
v0x558355017610_0 .net "nor_res", 7 0, L_0x5583550187e0;  alias, 1 drivers
v0x5583550176f0_0 .net "or_res", 7 0, L_0x558354feb4f0;  alias, 1 drivers
v0x5583550177b0_0 .net "x", 7 0, v0x5583550183d0_0;  1 drivers
v0x558355017890_0 .net "xor_res", 7 0, L_0x558354feb560;  alias, 1 drivers
v0x5583550179c0_0 .net "y", 7 0, v0x558355018570_0;  1 drivers
    .scope S_0x558354ffbf10;
T_0 ;
    %pushi/vec4 0, 0, 32;
    %store/vec4 v0x558355017c40_0, 0, 32;
    %end;
    .thread T_0;
    .scope S_0x558354ffbf10;
T_1 ;
    %pushi/vec4 0, 0, 32;
    %store/vec4 v0x5583550180b0_0, 0, 32;
T_1.0 ; Top of for-loop
    %load/vec4 v0x5583550180b0_0;
    %cmpi/s 256, 0, 32;
	  %jmp/0xz T_1.1, 5;
    %pushi/vec4 0, 0, 32;
    %store/vec4 v0x558355018190_0, 0, 32;
T_1.3 ; Top of for-loop
    %load/vec4 v0x558355018190_0;
    %cmpi/s 256, 0, 32;
	  %jmp/0xz T_1.4, 5;
    %load/vec4 v0x5583550180b0_0;
    %pad/s 8;
    %store/vec4 v0x5583550183d0_0, 0, 8;
    %load/vec4 v0x558355018190_0;
    %pad/s 8;
    %store/vec4 v0x558355018570_0, 0, 8;
    %delay 1000, 0;
    %load/vec4 v0x5583550183d0_0;
    %load/vec4 v0x558355018570_0;
    %or;
    %store/vec4 v0x558355017ea0_0, 0, 8;
    %load/vec4 v0x5583550183d0_0;
    %load/vec4 v0x558355018570_0;
    %and;
    %store/vec4 v0x558355017d00_0, 0, 8;
    %load/vec4 v0x5583550183d0_0;
    %load/vec4 v0x558355018570_0;
    %or;
    %inv;
    %store/vec4 v0x558355017dc0_0, 0, 8;
    %load/vec4 v0x5583550183d0_0;
    %load/vec4 v0x558355018570_0;
    %xor;
    %store/vec4 v0x558355017fd0_0, 0, 8;
    %load/vec4 v0x558355018330_0;
    %load/vec4 v0x558355017ea0_0;
    %cmp/ne;
    %jmp/1 T_1.10, 6;
    %flag_mov 8, 6;
    %load/vec4 v0x5583550184a0_0;
    %load/vec4 v0x558355017fd0_0;
    %cmp/ne;
    %flag_or 6, 8;
T_1.10;
    %jmp/1 T_1.9, 6;
    %flag_mov 8, 6;
    %load/vec4 v0x558355018270_0;
    %load/vec4 v0x558355017dc0_0;
    %cmp/ne;
    %flag_or 6, 8;
T_1.9;
    %jmp/1 T_1.8, 6;
    %flag_mov 8, 6;
    %load/vec4 v0x558355017b60_0;
    %load/vec4 v0x558355017d00_0;
    %cmp/ne;
    %flag_or 6, 8;
T_1.8;
    %jmp/0xz  T_1.6, 6;
    %load/vec4 v0x558355017c40_0;
    %addi 1, 0, 32;
    %store/vec4 v0x558355017c40_0, 0, 32;
    %vpi_call 2 40 "$display", "ADD FAIL: x=%0d y=%0d | and=%0d (exp %0d), or=%0b (exp %0b), xor=%0b (exp %0b), nor=%0b(exp %0b)", v0x5583550183d0_0, v0x558355018570_0, v0x558355017b60_0, v0x558355017d00_0, v0x558355018330_0, v0x558355017ea0_0, v0x5583550184a0_0, v0x558355017fd0_0, v0x558355018270_0, v0x558355017fd0_0 {0 0 0};
T_1.6 ;
T_1.5 ; for-loop step statement
    %load/vec4 v0x558355018190_0;
    %addi 1, 0, 32;
    %store/vec4 v0x558355018190_0, 0, 32;
    %jmp T_1.3;
T_1.4 ; for-loop exit label
T_1.2 ; for-loop step statement
    %load/vec4 v0x5583550180b0_0;
    %addi 1, 0, 32;
    %store/vec4 v0x5583550180b0_0, 0, 32;
    %jmp T_1.0;
T_1.1 ; for-loop exit label
    %load/vec4 v0x558355017c40_0;
    %cmpi/e 0, 0, 32;
    %jmp/0xz  T_1.11, 4;
    %vpi_call 2 47 "$display", "ALL %0d TESTS PASSED", 32'sb00000000000000100000000000000000 {0 0 0};
    %jmp T_1.12;
T_1.11 ;
    %vpi_call 2 48 "$display", "%0d TEST(S) FAILED", v0x558355017c40_0 {0 0 0};
T_1.12 ;
    %vpi_call 2 50 "$finish" {0 0 0};
    %end;
    .thread T_1;
# The file index is used to find the file name in the following table.
:file_names 4;
    "N/A";
    "<interactive>";
    "tb/bitwiseops_tb.v";
    "rtl/biwiseops.v";
