#! /usr/bin/vvp
:ivl_version "13.0 (stable)" "(v13_0-dirty)";
:ivl_delay_selection "TYPICAL";
:vpi_time_precision - 12;
:vpi_module "/usr/lib/ivl/system.vpi";
:vpi_module "/usr/lib/ivl/vhdl_sys.vpi";
:vpi_module "/usr/lib/ivl/vhdl_textio.vpi";
:vpi_module "/usr/lib/ivl/v2005_math.vpi";
:vpi_module "/usr/lib/ivl/va_math.vpi";
S_0x556f329dd740 .scope module, "shifter_tb" "shifter_tb" 2 2;
 .timescale -9 -12;
P_0x556f329dd8d0 .param/l "BIT_LENGTH" 0 2 4, +C4<00000000000000000000000000001000>;
v0x556f329f7f00_0 .var/i "errors", 31 0;
v0x556f329f8000_0 .var "expected_l", 7 0;
v0x556f329f80e0_0 .var "expected_r", 7 0;
v0x556f329f81a0_0 .var/i "i", 31 0;
v0x556f329f8280_0 .var/i "l", 31 0;
v0x556f329f83b0_0 .net "result_l", 7 0, L_0x556f329f88a0;  1 drivers
v0x556f329f8470_0 .net "result_r", 7 0, L_0x556f329f89e0;  1 drivers
v0x556f329f8540_0 .var "shamt", 2 0;
v0x556f329f8610_0 .var "true_l", 7 0;
v0x556f329f86d0_0 .var "true_r", 7 0;
v0x556f329f87b0_0 .var "x", 7 0;
S_0x556f329dd970 .scope module, "dut" "shifter" 2 17, 3 1 0, S_0x556f329dd740;
 .timescale 0 0;
    .port_info 0 /INPUT 8 "x";
    .port_info 1 /INPUT 3 "shamt";
    .port_info 2 /OUTPUT 8 "result_r";
    .port_info 3 /OUTPUT 8 "result_l";
P_0x556f329de0e0 .param/l "BIT_LENGTH" 0 3 2, +C4<00000000000000000000000000001000>;
v0x556f329cfa80_0 .net "result_l", 7 0, L_0x556f329f88a0;  alias, 1 drivers
v0x556f329f7bd0_0 .net "result_r", 7 0, L_0x556f329f89e0;  alias, 1 drivers
v0x556f329f7cb0_0 .net "shamt", 2 0, v0x556f329f8540_0;  1 drivers
v0x556f329f7d70_0 .net "x", 7 0, v0x556f329f87b0_0;  1 drivers
L_0x556f329f88a0 .shift/l 8, v0x556f329f87b0_0, v0x556f329f8540_0;
L_0x556f329f89e0 .shift/r 8, v0x556f329f87b0_0, v0x556f329f8540_0;
    .scope S_0x556f329dd740;
T_0 ;
    %pushi/vec4 0, 0, 32;
    %store/vec4 v0x556f329f7f00_0, 0, 32;
    %end;
    .thread T_0;
    .scope S_0x556f329dd740;
T_1 ;
    %pushi/vec4 0, 0, 32;
    %store/vec4 v0x556f329f81a0_0, 0, 32;
T_1.0 ; Top of for-loop
    %load/vec4 v0x556f329f81a0_0;
    %cmpi/s 256, 0, 32;
	  %jmp/0xz T_1.1, 5;
    %pushi/vec4 0, 0, 32;
    %store/vec4 v0x556f329f8280_0, 0, 32;
T_1.3 ; Top of for-loop
    %load/vec4 v0x556f329f8280_0;
    %cmpi/s 4, 0, 32;
	  %jmp/0xz T_1.4, 5;
    %load/vec4 v0x556f329f81a0_0;
    %pad/s 8;
    %store/vec4 v0x556f329f87b0_0, 0, 8;
    %load/vec4 v0x556f329f8280_0;
    %pad/s 3;
    %store/vec4 v0x556f329f8540_0, 0, 3;
    %delay 1000, 0;
    %load/vec4 v0x556f329f83b0_0;
    %store/vec4 v0x556f329f8610_0, 0, 8;
    %load/vec4 v0x556f329f8470_0;
    %store/vec4 v0x556f329f86d0_0, 0, 8;
    %load/vec4 v0x556f329f87b0_0;
    %ix/getv 4, v0x556f329f8540_0;
    %shiftl 4;
    %store/vec4 v0x556f329f8000_0, 0, 8;
    %load/vec4 v0x556f329f87b0_0;
    %ix/getv 4, v0x556f329f8540_0;
    %shiftr 4;
    %store/vec4 v0x556f329f80e0_0, 0, 8;
    %load/vec4 v0x556f329f8000_0;
    %load/vec4 v0x556f329f8610_0;
    %cmp/ne;
    %jmp/1 T_1.8, 6;
    %flag_mov 8, 6;
    %load/vec4 v0x556f329f80e0_0;
    %load/vec4 v0x556f329f86d0_0;
    %cmp/ne;
    %flag_or 6, 8;
T_1.8;
    %jmp/0xz  T_1.6, 6;
    %load/vec4 v0x556f329f7f00_0;
    %addi 1, 0, 32;
    %store/vec4 v0x556f329f7f00_0, 0, 32;
    %vpi_call 2 37 "$display", "SHIFT FAIL: x=%0d, shamt=%0d, shift_right=%0d (expected_r=%0d), shift_left=%0d(expected_l=%0d)", v0x556f329f87b0_0, v0x556f329f8540_0, v0x556f329f86d0_0, v0x556f329f80e0_0, v0x556f329f8610_0, v0x556f329f8000_0 {0 0 0};
T_1.6 ;
T_1.5 ; for-loop step statement
    %load/vec4 v0x556f329f8280_0;
    %addi 1, 0, 32;
    %store/vec4 v0x556f329f8280_0, 0, 32;
    %jmp T_1.3;
T_1.4 ; for-loop exit label
T_1.2 ; for-loop step statement
    %load/vec4 v0x556f329f81a0_0;
    %addi 1, 0, 32;
    %store/vec4 v0x556f329f81a0_0, 0, 32;
    %jmp T_1.0;
T_1.1 ; for-loop exit label
    %load/vec4 v0x556f329f7f00_0;
    %cmpi/e 0, 0, 32;
    %jmp/0xz  T_1.9, 4;
    %vpi_call 2 44 "$display", "ALL %0d TESTS PASSED", 32'sb00000000000000100000000000000000 {0 0 0};
    %jmp T_1.10;
T_1.9 ;
    %vpi_call 2 45 "$display", "%0d TEST(S) FAILED", v0x556f329f7f00_0 {0 0 0};
T_1.10 ;
    %vpi_call 2 46 "$finish" {0 0 0};
    %end;
    .thread T_1;
# The file index is used to find the file name in the following table.
:file_names 4;
    "N/A";
    "<interactive>";
    "tb/shifter_tb.v";
    "rtl/shifter.v";
