#! /usr/bin/vvp
:ivl_version "13.0 (stable)" "(v13_0-dirty)";
:ivl_delay_selection "TYPICAL";
:vpi_time_precision - 12;
:vpi_module "/usr/lib/ivl/system.vpi";
:vpi_module "/usr/lib/ivl/vhdl_sys.vpi";
:vpi_module "/usr/lib/ivl/vhdl_textio.vpi";
:vpi_module "/usr/lib/ivl/v2005_math.vpi";
:vpi_module "/usr/lib/ivl/va_math.vpi";
S_0x5616af718090 .scope module, "immediate_generator_tb" "immediate_generator_tb" 2 3;
 .timescale -9 -12;
P_0x5616af718220 .param/l "add_instruction" 1 2 8, C4<00000000011000111000010010110011>;
P_0x5616af718260 .param/l "addi_instruction" 1 2 17, C4<00000001000000110000010010010011>;
P_0x5616af7182a0 .param/l "beq_instruction" 1 2 41, C4<00000100000000110000000001100011>;
P_0x5616af7182e0 .param/l "jal_instruction" 1 2 51, C4<00001000000000000000000011101111>;
P_0x5616af718320 .param/l "lui" 1 2 55, C4<00000000000000010000001100110111>;
P_0x5616af718360 .param/l "ori_instruction" 1 2 21, C4<00000001000000110100010010010011>;
P_0x5616af7183a0 .param/l "sub_instruction" 1 2 12, C4<01000000011000111000010010110011>;
P_0x5616af7183e0 .param/l "sw_instruction" 1 2 32, C4<01100100011001001010101010100011>;
v0x5616af73b4e0_0 .var/i "errors", 31 0;
v0x5616af73b5c0_0 .net "immediate_output", 31 0, v0x5616af70a970_0;  1 drivers
v0x5616af73b6b0_0 .var "instruction_input", 31 0;
S_0x5616af70a700 .scope module, "dut" "immediate_generator" 2 59, 3 1 0, S_0x5616af718090;
 .timescale 0 0;
    .port_info 0 /INPUT 32 "instruction";
    .port_info 1 /OUTPUT 32 "immediate";
v0x5616af70a970_0 .var "immediate", 31 0;
v0x5616af73b3a0_0 .net "instruction", 31 0, v0x5616af73b6b0_0;  1 drivers
E_0x5616af71a870 .event anyedge, v0x5616af73b3a0_0;
    .scope S_0x5616af70a700;
T_0 ;
    %wait E_0x5616af71a870;
    %load/vec4 v0x5616af73b3a0_0;
    %parti/s 7, 0, 2;
    %dup/vec4;
    %pushi/vec4 19, 0, 7;
    %cmp/u;
    %jmp/1 T_0.0, 6;
    %dup/vec4;
    %pushi/vec4 3, 0, 7;
    %cmp/u;
    %jmp/1 T_0.1, 6;
    %dup/vec4;
    %pushi/vec4 35, 0, 7;
    %cmp/u;
    %jmp/1 T_0.2, 6;
    %dup/vec4;
    %pushi/vec4 99, 0, 7;
    %cmp/u;
    %jmp/1 T_0.3, 6;
    %dup/vec4;
    %pushi/vec4 111, 0, 7;
    %cmp/u;
    %jmp/1 T_0.4, 6;
    %dup/vec4;
    %pushi/vec4 55, 0, 7;
    %cmp/u;
    %jmp/1 T_0.5, 6;
    %dup/vec4;
    %pushi/vec4 23, 0, 7;
    %cmp/u;
    %jmp/1 T_0.6, 6;
    %pushi/vec4 0, 0, 32;
    %store/vec4 v0x5616af70a970_0, 0, 32;
    %jmp T_0.8;
T_0.0 ;
    %load/vec4 v0x5616af73b3a0_0;
    %parti/s 1, 31, 6;
    %replicate 20;
    %load/vec4 v0x5616af73b3a0_0;
    %parti/s 12, 20, 6;
    %concat/vec4; draw_concat_vec4
    %store/vec4 v0x5616af70a970_0, 0, 32;
    %jmp T_0.8;
T_0.1 ;
    %load/vec4 v0x5616af73b3a0_0;
    %parti/s 1, 31, 6;
    %replicate 20;
    %load/vec4 v0x5616af73b3a0_0;
    %parti/s 12, 20, 6;
    %concat/vec4; draw_concat_vec4
    %store/vec4 v0x5616af70a970_0, 0, 32;
    %jmp T_0.8;
T_0.2 ;
    %load/vec4 v0x5616af73b3a0_0;
    %parti/s 1, 31, 6;
    %replicate 20;
    %load/vec4 v0x5616af73b3a0_0;
    %parti/s 7, 25, 6;
    %concat/vec4; draw_concat_vec4
    %load/vec4 v0x5616af73b3a0_0;
    %parti/s 5, 7, 4;
    %concat/vec4; draw_concat_vec4
    %store/vec4 v0x5616af70a970_0, 0, 32;
    %jmp T_0.8;
T_0.3 ;
    %load/vec4 v0x5616af73b3a0_0;
    %parti/s 1, 31, 6;
    %replicate 19;
    %load/vec4 v0x5616af73b3a0_0;
    %parti/s 1, 31, 6;
    %concat/vec4; draw_concat_vec4
    %load/vec4 v0x5616af73b3a0_0;
    %parti/s 1, 7, 4;
    %concat/vec4; draw_concat_vec4
    %load/vec4 v0x5616af73b3a0_0;
    %parti/s 6, 25, 6;
    %concat/vec4; draw_concat_vec4
    %load/vec4 v0x5616af73b3a0_0;
    %parti/s 4, 8, 5;
    %concat/vec4; draw_concat_vec4
    %concati/vec4 0, 0, 1;
    %store/vec4 v0x5616af70a970_0, 0, 32;
    %jmp T_0.8;
T_0.4 ;
    %load/vec4 v0x5616af73b3a0_0;
    %parti/s 1, 31, 6;
    %replicate 11;
    %load/vec4 v0x5616af73b3a0_0;
    %parti/s 1, 31, 6;
    %concat/vec4; draw_concat_vec4
    %load/vec4 v0x5616af73b3a0_0;
    %parti/s 8, 12, 5;
    %concat/vec4; draw_concat_vec4
    %load/vec4 v0x5616af73b3a0_0;
    %parti/s 1, 20, 6;
    %concat/vec4; draw_concat_vec4
    %load/vec4 v0x5616af73b3a0_0;
    %parti/s 10, 21, 6;
    %concat/vec4; draw_concat_vec4
    %concati/vec4 0, 0, 1;
    %store/vec4 v0x5616af70a970_0, 0, 32;
    %jmp T_0.8;
T_0.5 ;
    %load/vec4 v0x5616af73b3a0_0;
    %parti/s 20, 12, 5;
    %concati/vec4 0, 0, 12;
    %store/vec4 v0x5616af70a970_0, 0, 32;
    %jmp T_0.8;
T_0.6 ;
    %load/vec4 v0x5616af73b3a0_0;
    %parti/s 20, 12, 5;
    %concati/vec4 0, 0, 12;
    %store/vec4 v0x5616af70a970_0, 0, 32;
    %jmp T_0.8;
T_0.8 ;
    %pop/vec4 1;
    %jmp T_0;
    .thread T_0, $push;
    .scope S_0x5616af718090;
T_1 ;
    %pushi/vec4 0, 0, 32;
    %store/vec4 v0x5616af73b4e0_0, 0, 32;
    %end;
    .thread T_1;
    .scope S_0x5616af718090;
T_2 ;
    %pushi/vec4 6522035, 0, 32;
    %store/vec4 v0x5616af73b6b0_0, 0, 32;
    %delay 1000, 0;
    %load/vec4 v0x5616af73b5c0_0;
    %cmpi/ne 0, 0, 32;
    %jmp/0xz  T_2.0, 4;
    %vpi_call 2 68 "$display", "FAILED R-Type: ADD" {0 0 0};
    %load/vec4 v0x5616af73b4e0_0;
    %addi 1, 0, 32;
    %store/vec4 v0x5616af73b4e0_0, 0, 32;
T_2.0 ;
    %pushi/vec4 1080263859, 0, 32;
    %store/vec4 v0x5616af73b6b0_0, 0, 32;
    %delay 1000, 0;
    %load/vec4 v0x5616af73b5c0_0;
    %cmpi/ne 0, 0, 32;
    %jmp/0xz  T_2.2, 4;
    %vpi_call 2 75 "$display", "FAILED R-Type: SUB" {0 0 0};
    %load/vec4 v0x5616af73b4e0_0;
    %addi 1, 0, 32;
    %store/vec4 v0x5616af73b4e0_0, 0, 32;
T_2.2 ;
    %pushi/vec4 16974995, 0, 32;
    %store/vec4 v0x5616af73b6b0_0, 0, 32;
    %delay 1000, 0;
    %load/vec4 v0x5616af73b5c0_0;
    %cmpi/ne 16, 0, 32;
    %jmp/0xz  T_2.4, 4;
    %vpi_call 2 82 "$display", "FAILED I-Type: ADD" {0 0 0};
    %load/vec4 v0x5616af73b4e0_0;
    %addi 1, 0, 32;
    %store/vec4 v0x5616af73b4e0_0, 0, 32;
T_2.4 ;
    %pushi/vec4 16991379, 0, 32;
    %store/vec4 v0x5616af73b6b0_0, 0, 32;
    %delay 1000, 0;
    %load/vec4 v0x5616af73b5c0_0;
    %cmpi/ne 16, 0, 32;
    %jmp/0xz  T_2.6, 4;
    %vpi_call 2 89 "$display", "FAILED I-Type: OR" {0 0 0};
    %load/vec4 v0x5616af73b4e0_0;
    %addi 1, 0, 32;
    %store/vec4 v0x5616af73b4e0_0, 0, 32;
T_2.6 ;
    %pushi/vec4 1684318883, 0, 32;
    %store/vec4 v0x5616af73b6b0_0, 0, 32;
    %delay 1000, 0;
    %load/vec4 v0x5616af73b5c0_0;
    %cmpi/ne 1621, 0, 32;
    %jmp/0xz  T_2.8, 4;
    %vpi_call 2 96 "$display", "FAILED S-Type: SW" {0 0 0};
    %load/vec4 v0x5616af73b4e0_0;
    %addi 1, 0, 32;
    %store/vec4 v0x5616af73b4e0_0, 0, 32;
T_2.8 ;
    %pushi/vec4 67305571, 0, 32;
    %store/vec4 v0x5616af73b6b0_0, 0, 32;
    %delay 1000, 0;
    %load/vec4 v0x5616af73b5c0_0;
    %cmpi/ne 64, 0, 32;
    %jmp/0xz  T_2.10, 4;
    %vpi_call 2 103 "$display", "FAILED B-Type: BEQ" {0 0 0};
    %load/vec4 v0x5616af73b4e0_0;
    %addi 1, 0, 32;
    %store/vec4 v0x5616af73b4e0_0, 0, 32;
T_2.10 ;
    %pushi/vec4 134217967, 0, 32;
    %store/vec4 v0x5616af73b6b0_0, 0, 32;
    %delay 1000, 0;
    %load/vec4 v0x5616af73b5c0_0;
    %cmpi/ne 128, 0, 32;
    %jmp/0xz  T_2.12, 4;
    %vpi_call 2 110 "$display", "FAILED J-Type: JAL" {0 0 0};
    %load/vec4 v0x5616af73b4e0_0;
    %addi 1, 0, 32;
    %store/vec4 v0x5616af73b4e0_0, 0, 32;
T_2.12 ;
    %pushi/vec4 66359, 0, 32;
    %store/vec4 v0x5616af73b6b0_0, 0, 32;
    %delay 1000, 0;
    %load/vec4 v0x5616af73b5c0_0;
    %cmpi/ne 65536, 0, 32;
    %jmp/0xz  T_2.14, 4;
    %vpi_call 2 117 "$display", "FAILED U-Type: LUI" {0 0 0};
    %load/vec4 v0x5616af73b4e0_0;
    %addi 1, 0, 32;
    %store/vec4 v0x5616af73b4e0_0, 0, 32;
T_2.14 ;
    %load/vec4 v0x5616af73b4e0_0;
    %cmpi/e 0, 0, 32;
    %jmp/0xz  T_2.16, 4;
    %vpi_call 2 120 "$display", "ALL TESTS PASSED!" {0 0 0};
T_2.16 ;
    %vpi_call 2 121 "$finish" {0 0 0};
    %end;
    .thread T_2;
# The file index is used to find the file name in the following table.
:file_names 4;
    "N/A";
    "<interactive>";
    "tb/immediate_generator_tb.v";
    "rtl/immediate_generator.v";
