#! /usr/bin/vvp
:ivl_version "13.0 (stable)" "(v13_0-dirty)";
:ivl_delay_selection "TYPICAL";
:vpi_time_precision - 12;
:vpi_module "/usr/lib/ivl/system.vpi";
:vpi_module "/usr/lib/ivl/vhdl_sys.vpi";
:vpi_module "/usr/lib/ivl/vhdl_textio.vpi";
:vpi_module "/usr/lib/ivl/v2005_math.vpi";
:vpi_module "/usr/lib/ivl/va_math.vpi";
S_0x558470737850 .scope module, "reg_file_tb" "reg_file_tb" 2 2;
 .timescale -9 -12;
P_0x55847072a9f0 .param/l "BIT_LENGTH" 0 2 3, +C4<00000000000000000000000000100000>;
P_0x55847072aa30 .param/l "REG_NUMBER" 0 2 3, +C4<00000000000000000000000000100000>;
v0x55847075f280_0 .var "clk", 0 0;
v0x55847075f340_0 .var/i "errors", 31 0;
v0x55847075f400_0 .net "reg1_data", 31 0, L_0x558470770130;  1 drivers
v0x55847075f500_0 .var "reg1_sel", 4 0;
v0x55847075f5d0_0 .net "reg2_data", 31 0, L_0x558470770990;  1 drivers
v0x55847075f6c0_0 .var "reg2_sel", 4 0;
v0x55847075f790_0 .var "reg3_sel", 4 0;
v0x55847075f860_0 .var "wb_data", 31 0;
v0x55847075f930_0 .var "wb_enable", 0 0;
S_0x558470737ac0 .scope begin, "$ivl_for_loop0" "$ivl_for_loop0" 2 41, 2 41 0, S_0x558470737850;
 .timescale -9 -12;
v0x558470724ca0_0 .var/i "i", 31 0;
S_0x55847075ce30 .scope begin, "$ivl_for_loop1" "$ivl_for_loop1" 2 43, 2 43 0, S_0x558470737850;
 .timescale -9 -12;
v0x55847075d030_0 .var/i "i", 31 0;
S_0x55847075d110 .scope module, "dut" "reg_file" 2 16, 3 1 0, S_0x558470737850;
 .timescale 0 0;
    .port_info 0 /INPUT 1 "clk";
    .port_info 1 /INPUT 32 "wb_data";
    .port_info 2 /INPUT 1 "wb_enable";
    .port_info 3 /INPUT 5 "reg1_sel";
    .port_info 4 /INPUT 5 "reg2_sel";
    .port_info 5 /INPUT 5 "reg3_sel";
    .port_info 6 /OUTPUT 32 "reg1_data";
    .port_info 7 /OUTPUT 32 "reg2_data";
P_0x5584707379e0 .param/l "BIT_LENGTH" 0 3 2, +C4<00000000000000000000000000100000>;
P_0x558470737a20 .param/l "REG_NUMBER" 0 3 3, +C4<00000000000000000000000000100000>;
v0x55847075d490_0 .net *"_ivl_0", 31 0, L_0x55847075fa00;  1 drivers
v0x55847075d590_0 .net *"_ivl_10", 31 0, L_0x55847076fcd0;  1 drivers
v0x55847075d670_0 .net *"_ivl_12", 6 0, L_0x55847076fdd0;  1 drivers
L_0x7fbfcabb70f0 .functor BUFT 1, C4<00>, C4<0>, C4<0>, C4<0>;
v0x55847075d760_0 .net *"_ivl_15", 1 0, L_0x7fbfcabb70f0;  1 drivers
L_0x7fbfcabb7138 .functor BUFT 1, C4<0000001>, C4<0>, C4<0>, C4<0>;
v0x55847075d840_0 .net/2u *"_ivl_16", 6 0, L_0x7fbfcabb7138;  1 drivers
v0x55847075d970_0 .net *"_ivl_18", 6 0, L_0x55847076ffa0;  1 drivers
v0x55847075da50_0 .net *"_ivl_22", 31 0, L_0x558470770350;  1 drivers
L_0x7fbfcabb7180 .functor BUFT 1, C4<000000000000000000000000000>, C4<0>, C4<0>, C4<0>;
v0x55847075db30_0 .net *"_ivl_25", 26 0, L_0x7fbfcabb7180;  1 drivers
L_0x7fbfcabb71c8 .functor BUFT 1, C4<00000000000000000000000000000000>, C4<0>, C4<0>, C4<0>;
v0x55847075dc10_0 .net/2u *"_ivl_26", 31 0, L_0x7fbfcabb71c8;  1 drivers
v0x55847075dcf0_0 .net *"_ivl_28", 0 0, L_0x558470770490;  1 drivers
L_0x7fbfcabb7018 .functor BUFT 1, C4<000000000000000000000000000>, C4<0>, C4<0>, C4<0>;
v0x55847075ddb0_0 .net *"_ivl_3", 26 0, L_0x7fbfcabb7018;  1 drivers
L_0x7fbfcabb7210 .functor BUFT 1, C4<00000000000000000000000000000000>, C4<0>, C4<0>, C4<0>;
v0x55847075de90_0 .net/2u *"_ivl_30", 31 0, L_0x7fbfcabb7210;  1 drivers
v0x55847075df70_0 .net *"_ivl_32", 31 0, L_0x558470770620;  1 drivers
v0x55847075e050_0 .net *"_ivl_34", 6 0, L_0x5584707706c0;  1 drivers
L_0x7fbfcabb7258 .functor BUFT 1, C4<00>, C4<0>, C4<0>, C4<0>;
v0x55847075e130_0 .net *"_ivl_37", 1 0, L_0x7fbfcabb7258;  1 drivers
L_0x7fbfcabb72a0 .functor BUFT 1, C4<0000001>, C4<0>, C4<0>, C4<0>;
v0x55847075e210_0 .net/2u *"_ivl_38", 6 0, L_0x7fbfcabb72a0;  1 drivers
L_0x7fbfcabb7060 .functor BUFT 1, C4<00000000000000000000000000000000>, C4<0>, C4<0>, C4<0>;
v0x55847075e2f0_0 .net/2u *"_ivl_4", 31 0, L_0x7fbfcabb7060;  1 drivers
v0x55847075e3d0_0 .net *"_ivl_40", 6 0, L_0x558470770850;  1 drivers
v0x55847075e4b0_0 .net *"_ivl_6", 0 0, L_0x55847076fb60;  1 drivers
L_0x7fbfcabb70a8 .functor BUFT 1, C4<00000000000000000000000000000000>, C4<0>, C4<0>, C4<0>;
v0x55847075e570_0 .net/2u *"_ivl_8", 31 0, L_0x7fbfcabb70a8;  1 drivers
v0x55847075e650_0 .net "clk", 0 0, v0x55847075f280_0;  1 drivers
v0x55847075e710_0 .net "reg1_data", 31 0, L_0x558470770130;  alias, 1 drivers
v0x55847075e7f0_0 .net "reg1_sel", 4 0, v0x55847075f500_0;  1 drivers
v0x55847075e8d0_0 .net "reg2_data", 31 0, L_0x558470770990;  alias, 1 drivers
v0x55847075e9b0_0 .net "reg2_sel", 4 0, v0x55847075f6c0_0;  1 drivers
v0x55847075ea90_0 .net "reg3_sel", 4 0, v0x55847075f790_0;  1 drivers
v0x55847075eb70 .array "regfile", 31 1, 31 0;
v0x55847075ec30_0 .net "wb_data", 31 0, v0x55847075f860_0;  1 drivers
v0x55847075ed10_0 .net "wb_enable", 0 0, v0x55847075f930_0;  1 drivers
E_0x5584707344d0 .event posedge, v0x55847075e650_0;
L_0x55847075fa00 .concat [ 5 27 0 0], v0x55847075f500_0, L_0x7fbfcabb7018;
L_0x55847076fb60 .cmp/eq 32, L_0x55847075fa00, L_0x7fbfcabb7060;
L_0x55847076fcd0 .array/port v0x55847075eb70, L_0x55847076ffa0;
L_0x55847076fdd0 .concat [ 5 2 0 0], v0x55847075f500_0, L_0x7fbfcabb70f0;
L_0x55847076ffa0 .arith/sub 7, L_0x55847076fdd0, L_0x7fbfcabb7138;
L_0x558470770130 .functor MUXZ 32, L_0x55847076fcd0, L_0x7fbfcabb70a8, L_0x55847076fb60, C4<>;
L_0x558470770350 .concat [ 5 27 0 0], v0x55847075f6c0_0, L_0x7fbfcabb7180;
L_0x558470770490 .cmp/eq 32, L_0x558470770350, L_0x7fbfcabb71c8;
L_0x558470770620 .array/port v0x55847075eb70, L_0x558470770850;
L_0x5584707706c0 .concat [ 5 2 0 0], v0x55847075f6c0_0, L_0x7fbfcabb7258;
L_0x558470770850 .arith/sub 7, L_0x5584707706c0, L_0x7fbfcabb72a0;
L_0x558470770990 .functor MUXZ 32, L_0x558470770620, L_0x7fbfcabb7210, L_0x558470770490, C4<>;
S_0x55847075eed0 .scope task, "write_reg" "write_reg" 2 29, 2 29 0, S_0x558470737850;
 .timescale -9 -12;
v0x55847075f0a0_0 .var "addr", 4 0;
v0x55847075f1a0_0 .var "data", 31 0;
E_0x558470734780 .event negedge, v0x55847075e650_0;
TD_reg_file_tb.write_reg ;
    %wait E_0x558470734780;
    %load/vec4 v0x55847075f0a0_0;
    %store/vec4 v0x55847075f790_0, 0, 5;
    %load/vec4 v0x55847075f1a0_0;
    %store/vec4 v0x55847075f860_0, 0, 32;
    %pushi/vec4 1, 0, 1;
    %store/vec4 v0x55847075f930_0, 0, 1;
    %wait E_0x558470734780;
    %pushi/vec4 0, 0, 1;
    %store/vec4 v0x55847075f930_0, 0, 1;
    %end;
    .scope S_0x55847075d110;
T_1 ;
    %wait E_0x5584707344d0;
    %load/vec4 v0x55847075ed10_0;
    %pad/u 32;
    %cmpi/e 1, 0, 32;
    %flag_get/vec4 4;
    %jmp/0 T_1.2, 4;
    %load/vec4 v0x55847075ea90_0;
    %pad/u 32;
    %pushi/vec4 0, 0, 32;
    %cmp/ne;
    %flag_get/vec4 4;
    %and;
T_1.2;
    %flag_set/vec4 8;
    %jmp/0xz  T_1.0, 8;
    %load/vec4 v0x55847075ec30_0;
    %load/vec4 v0x55847075ea90_0;
    %pad/u 7;
    %subi 1, 0, 7;
    %ix/vec4 3;
    %ix/load 4, 0, 0; Constant delay
    %assign/vec4/a/d v0x55847075eb70, 0, 4;
T_1.0 ;
    %jmp T_1;
    .thread T_1;
    .scope S_0x558470737850;
T_2 ;
    %pushi/vec4 0, 0, 1;
    %store/vec4 v0x55847075f280_0, 0, 1;
    %pushi/vec4 0, 0, 32;
    %store/vec4 v0x55847075f340_0, 0, 32;
    %end;
    .thread T_2;
    .scope S_0x558470737850;
T_3 ;
    %delay 5000, 0;
    %load/vec4 v0x55847075f280_0;
    %inv;
    %store/vec4 v0x55847075f280_0, 0, 1;
    %jmp T_3;
    .thread T_3;
    .scope S_0x558470737850;
T_4 ;
    %fork t_1, S_0x558470737ac0;
    %jmp t_0;
    .scope S_0x558470737ac0;
t_1 ;
    %pushi/vec4 1, 0, 32;
    %store/vec4 v0x558470724ca0_0, 0, 32;
T_4.0 ; Top of for-loop
    %load/vec4 v0x558470724ca0_0;
    %cmpi/s 32, 0, 32;
	  %jmp/0xz T_4.1, 5;
    %load/vec4 v0x558470724ca0_0;
    %pad/s 5;
    %store/vec4 v0x55847075f0a0_0, 0, 5;
    %load/vec4 v0x558470724ca0_0;
    %muli 2, 0, 32;
    %store/vec4 v0x55847075f1a0_0, 0, 32;
    %fork TD_reg_file_tb.write_reg, S_0x55847075eed0;
    %join;
T_4.2 ; for-loop step statement
    %load/vec4 v0x558470724ca0_0;
    %addi 1, 0, 32;
    %store/vec4 v0x558470724ca0_0, 0, 32;
    %jmp T_4.0;
T_4.1 ; for-loop exit label
    %end;
    .scope S_0x558470737850;
t_0 %join;
    %pushi/vec4 0, 0, 5;
    %store/vec4 v0x55847075f0a0_0, 0, 5;
    %pushi/vec4 13, 0, 32;
    %store/vec4 v0x55847075f1a0_0, 0, 32;
    %fork TD_reg_file_tb.write_reg, S_0x55847075eed0;
    %join;
    %fork t_3, S_0x55847075ce30;
    %jmp t_2;
    .scope S_0x55847075ce30;
t_3 ;
    %pushi/vec4 1, 0, 32;
    %store/vec4 v0x55847075d030_0, 0, 32;
T_4.3 ; Top of for-loop
    %load/vec4 v0x55847075d030_0;
    %cmpi/s 31, 0, 32;
	  %jmp/0xz T_4.4, 5;
    %load/vec4 v0x55847075d030_0;
    %pad/s 5;
    %store/vec4 v0x55847075f500_0, 0, 5;
    %load/vec4 v0x55847075d030_0;
    %addi 1, 0, 32;
    %pad/s 5;
    %store/vec4 v0x55847075f6c0_0, 0, 5;
    %delay 1000, 0;
    %load/vec4 v0x55847075f400_0;
    %load/vec4 v0x55847075d030_0;
    %muli 2, 0, 32;
    %cmp/ne;
    %jmp/1 T_4.8, 6;
    %flag_mov 8, 6;
    %load/vec4 v0x55847075f5d0_0;
    %load/vec4 v0x55847075d030_0;
    %addi 1, 0, 32;
    %muli 2, 0, 32;
    %cmp/ne;
    %flag_or 6, 8;
T_4.8;
    %jmp/0xz  T_4.6, 6;
    %load/vec4 v0x55847075d030_0;
    %muli 2, 0, 32;
    %load/vec4 v0x55847075d030_0;
    %addi 1, 0, 32;
    %muli 2, 0, 32;
    %vpi_call 2 48 "$display", "REGISTER FILE ERROR! reg_1_data=%0d(expected=%0d), reg2_data=%0d(exp=%0d)", v0x55847075f400_0, S<1,vec4,s32>, v0x55847075f5d0_0, S<0,vec4,s32> {2 0 0};
    %load/vec4 v0x55847075f340_0;
    %addi 1, 0, 32;
    %store/vec4 v0x55847075f340_0, 0, 32;
T_4.6 ;
    %pushi/vec4 0, 0, 5;
    %store/vec4 v0x55847075f500_0, 0, 5;
    %delay 1000, 0;
    %load/vec4 v0x55847075f400_0;
    %cmpi/ne 0, 0, 32;
    %jmp/0xz  T_4.9, 6;
    %vpi_call 2 54 "$display", "$t0 REG FAIL!GOT:%0d, EXPECTED:0", v0x55847075f400_0 {0 0 0};
T_4.9 ;
T_4.5 ; for-loop step statement
    %load/vec4 v0x55847075d030_0;
    %addi 1, 0, 32;
    %store/vec4 v0x55847075d030_0, 0, 32;
    %jmp T_4.3;
T_4.4 ; for-loop exit label
    %end;
    .scope S_0x558470737850;
t_2 %join;
    %load/vec4 v0x55847075f340_0;
    %cmpi/e 0, 0, 32;
    %jmp/0xz  T_4.11, 4;
    %vpi_call 2 56 "$display", "ALL TESTS PASSED" {0 0 0};
    %jmp T_4.12;
T_4.11 ;
    %vpi_call 2 57 "$display", "%0d TEST(S) FAILED", v0x55847075f340_0 {0 0 0};
T_4.12 ;
    %vpi_call 2 58 "$finish" {0 0 0};
    %end;
    .thread T_4;
# The file index is used to find the file name in the following table.
:file_names 4;
    "N/A";
    "<interactive>";
    "tb/reg_file_tb.v";
    "rtl/reg_file.v";
