#! /usr/bin/vvp
:ivl_version "13.0 (stable)" "(v13_0-dirty)";
:ivl_delay_selection "TYPICAL";
:vpi_time_precision - 12;
:vpi_module "/usr/lib/ivl/system.vpi";
:vpi_module "/usr/lib/ivl/vhdl_sys.vpi";
:vpi_module "/usr/lib/ivl/vhdl_textio.vpi";
:vpi_module "/usr/lib/ivl/v2005_math.vpi";
:vpi_module "/usr/lib/ivl/va_math.vpi";
S_0x5610701cf060 .scope module, "control_unit_tb" "control_unit_tb" 2 3;
 .timescale -9 -12;
v0x5610701f1560_0 .net "ALUSrc", 1 0, v0x5610701f0ae0_0;  1 drivers
v0x5610701f1640_0 .net "ALUop", 3 0, v0x5610701f0be0_0;  1 drivers
v0x5610701f16e0_0 .net "Branch", 0 0, v0x5610701f0cc0_0;  1 drivers
v0x5610701f17e0_0 .net "Exception", 0 0, v0x5610701f0d60_0;  1 drivers
v0x5610701f18b0_0 .net "Jump", 0 0, v0x5610701f0e20_0;  1 drivers
v0x5610701f1950_0 .net "MemRead", 0 0, v0x5610701f0f30_0;  1 drivers
v0x5610701f1a20_0 .net "MemWrite", 0 0, v0x5610701f0ff0_0;  1 drivers
v0x5610701f1af0_0 .net "RegWrite", 0 0, v0x5610701f10b0_0;  1 drivers
v0x5610701f1bc0_0 .net "ResultSrc", 1 0, v0x5610701f1170_0;  1 drivers
v0x5610701f1d20_0 .var "instruction", 31 0;
S_0x5610701bca60 .scope task, "check_outputs" "check_outputs" 2 31, 2 31 0, S_0x5610701cf060;
 .timescale -9 -12;
v0x5610701bcc40_0 .var "exp_ALUSrc", 1 0;
v0x5610701f01c0_0 .var "exp_ALUop", 3 0;
v0x5610701f02a0_0 .var "exp_Branch", 0 0;
v0x5610701f0340_0 .var "exp_Exception", 0 0;
v0x5610701f0400_0 .var "exp_Jump", 0 0;
v0x5610701f0510_0 .var "exp_MemRead", 0 0;
v0x5610701f05d0_0 .var "exp_MemWrite", 0 0;
v0x5610701f0690_0 .var "exp_RegWrite", 0 0;
v0x5610701f0750_0 .var "exp_ResultSrc", 1 0;
v0x5610701f0830_0 .var "test_name", 255 0;
TD_control_unit_tb.check_outputs ;
    %delay 10000, 0;
    %load/vec4 v0x5610701f1af0_0;
    %load/vec4 v0x5610701f0690_0;
    %cmp/e;
    %flag_get/vec4 6;
    %jmp/0 T_0.9, 6;
    %load/vec4 v0x5610701f1950_0;
    %load/vec4 v0x5610701f0510_0;
    %cmp/e;
    %flag_get/vec4 6;
    %and;
T_0.9;
    %flag_set/vec4 15;
    %flag_get/vec4 15;
    %jmp/0 T_0.8, 15;
    %load/vec4 v0x5610701f1a20_0;
    %load/vec4 v0x5610701f05d0_0;
    %cmp/e;
    %flag_get/vec4 6;
    %and;
T_0.8;
    %flag_set/vec4 14;
    %flag_get/vec4 14;
    %jmp/0 T_0.7, 14;
    %load/vec4 v0x5610701f16e0_0;
    %load/vec4 v0x5610701f02a0_0;
    %cmp/e;
    %flag_get/vec4 6;
    %and;
T_0.7;
    %flag_set/vec4 13;
    %flag_get/vec4 13;
    %jmp/0 T_0.6, 13;
    %load/vec4 v0x5610701f18b0_0;
    %load/vec4 v0x5610701f0400_0;
    %cmp/e;
    %flag_get/vec4 6;
    %and;
T_0.6;
    %flag_set/vec4 12;
    %flag_get/vec4 12;
    %jmp/0 T_0.5, 12;
    %load/vec4 v0x5610701f17e0_0;
    %load/vec4 v0x5610701f0340_0;
    %cmp/e;
    %flag_get/vec4 6;
    %and;
T_0.5;
    %flag_set/vec4 11;
    %flag_get/vec4 11;
    %jmp/0 T_0.4, 11;
    %load/vec4 v0x5610701f1bc0_0;
    %load/vec4 v0x5610701f0750_0;
    %cmp/e;
    %flag_get/vec4 6;
    %and;
T_0.4;
    %flag_set/vec4 10;
    %flag_get/vec4 10;
    %jmp/0 T_0.3, 10;
    %load/vec4 v0x5610701f1560_0;
    %load/vec4 v0x5610701bcc40_0;
    %cmp/e;
    %flag_get/vec4 6;
    %and;
T_0.3;
    %flag_set/vec4 9;
    %flag_get/vec4 9;
    %jmp/0 T_0.2, 9;
    %load/vec4 v0x5610701f1640_0;
    %load/vec4 v0x5610701f01c0_0;
    %cmp/e;
    %flag_get/vec4 6;
    %and;
T_0.2;
    %flag_set/vec4 8;
    %jmp/0xz  T_0.0, 8;
    %vpi_call 2 43 "$display", "[PASS] %s", v0x5610701f0830_0 {0 0 0};
    %jmp T_0.1;
T_0.0 ;
    %vpi_call 2 45 "$display", "[FAIL] %s", v0x5610701f0830_0 {0 0 0};
    %vpi_call 2 46 "$display", "  Got: RegW=%b MemR=%b MemW=%b Br=%b Jmp=%b Exc=%b ResSrc=%b ALUSrc=%b ALUop=%b", v0x5610701f1af0_0, v0x5610701f1950_0, v0x5610701f1a20_0, v0x5610701f16e0_0, v0x5610701f18b0_0, v0x5610701f17e0_0, v0x5610701f1bc0_0, v0x5610701f1560_0, v0x5610701f1640_0 {0 0 0};
    %vpi_call 2 48 "$display", "  Exp: RegW=%b MemR=%b MemW=%b Br=%b Jmp=%b Exc=%b ResSrc=%b ALUSrc=%b ALUop=%b", v0x5610701f0690_0, v0x5610701f0510_0, v0x5610701f05d0_0, v0x5610701f02a0_0, v0x5610701f0400_0, v0x5610701f0340_0, v0x5610701f0750_0, v0x5610701bcc40_0, v0x5610701f01c0_0 {0 0 0};
T_0.1 ;
    %end;
S_0x5610701f0910 .scope module, "uut" "control_unit" 2 17, 3 1 0, S_0x5610701cf060;
 .timescale 0 0;
    .port_info 0 /INPUT 32 "instruction";
    .port_info 1 /OUTPUT 1 "RegWrite";
    .port_info 2 /OUTPUT 1 "MemRead";
    .port_info 3 /OUTPUT 1 "MemWrite";
    .port_info 4 /OUTPUT 1 "Branch";
    .port_info 5 /OUTPUT 1 "Jump";
    .port_info 6 /OUTPUT 1 "Exception";
    .port_info 7 /OUTPUT 2 "ResultSrc";
    .port_info 8 /OUTPUT 2 "ALUSrc";
    .port_info 9 /OUTPUT 4 "ALUop";
v0x5610701f0ae0_0 .var "ALUSrc", 1 0;
v0x5610701f0be0_0 .var "ALUop", 3 0;
v0x5610701f0cc0_0 .var "Branch", 0 0;
v0x5610701f0d60_0 .var "Exception", 0 0;
v0x5610701f0e20_0 .var "Jump", 0 0;
v0x5610701f0f30_0 .var "MemRead", 0 0;
v0x5610701f0ff0_0 .var "MemWrite", 0 0;
v0x5610701f10b0_0 .var "RegWrite", 0 0;
v0x5610701f1170_0 .var "ResultSrc", 1 0;
v0x5610701f12e0_0 .net "instruction", 31 0, v0x5610701f1d20_0;  1 drivers
E_0x5610701aa670 .event anyedge, v0x5610701f12e0_0;
    .scope S_0x5610701f0910;
T_1 ;
    %wait E_0x5610701aa670;
    %load/vec4 v0x5610701f12e0_0;
    %parti/s 7, 0, 2;
    %dup/vec4;
    %pushi/vec4 19, 0, 7;
    %cmp/u;
    %jmp/1 T_1.0, 6;
    %dup/vec4;
    %pushi/vec4 3, 0, 7;
    %cmp/u;
    %jmp/1 T_1.1, 6;
    %dup/vec4;
    %pushi/vec4 35, 0, 7;
    %cmp/u;
    %jmp/1 T_1.2, 6;
    %dup/vec4;
    %pushi/vec4 99, 0, 7;
    %cmp/u;
    %jmp/1 T_1.3, 6;
    %dup/vec4;
    %pushi/vec4 111, 0, 7;
    %cmp/u;
    %jmp/1 T_1.4, 6;
    %dup/vec4;
    %pushi/vec4 103, 0, 7;
    %cmp/u;
    %jmp/1 T_1.5, 6;
    %dup/vec4;
    %pushi/vec4 55, 0, 7;
    %cmp/u;
    %jmp/1 T_1.6, 6;
    %dup/vec4;
    %pushi/vec4 23, 0, 7;
    %cmp/u;
    %jmp/1 T_1.7, 6;
    %dup/vec4;
    %pushi/vec4 51, 0, 7;
    %cmp/u;
    %jmp/1 T_1.8, 6;
    %dup/vec4;
    %pushi/vec4 115, 0, 7;
    %cmp/u;
    %jmp/1 T_1.9, 6;
    %pushi/vec4 0, 0, 1;
    %store/vec4 v0x5610701f10b0_0, 0, 1;
    %pushi/vec4 0, 0, 2;
    %store/vec4 v0x5610701f0ae0_0, 0, 2;
    %pushi/vec4 0, 0, 1;
    %store/vec4 v0x5610701f0f30_0, 0, 1;
    %pushi/vec4 0, 0, 1;
    %store/vec4 v0x5610701f0ff0_0, 0, 1;
    %pushi/vec4 0, 0, 2;
    %store/vec4 v0x5610701f1170_0, 0, 2;
    %pushi/vec4 0, 0, 1;
    %store/vec4 v0x5610701f0cc0_0, 0, 1;
    %pushi/vec4 0, 0, 1;
    %store/vec4 v0x5610701f0e20_0, 0, 1;
    %pushi/vec4 0, 0, 1;
    %store/vec4 v0x5610701f0d60_0, 0, 1;
    %pushi/vec4 0, 0, 4;
    %store/vec4 v0x5610701f0be0_0, 0, 4;
    %jmp T_1.11;
T_1.0 ;
    %pushi/vec4 1, 0, 1;
    %store/vec4 v0x5610701f10b0_0, 0, 1;
    %pushi/vec4 1, 0, 2;
    %store/vec4 v0x5610701f0ae0_0, 0, 2;
    %pushi/vec4 0, 0, 1;
    %store/vec4 v0x5610701f0f30_0, 0, 1;
    %pushi/vec4 0, 0, 1;
    %store/vec4 v0x5610701f0ff0_0, 0, 1;
    %pushi/vec4 0, 0, 2;
    %store/vec4 v0x5610701f1170_0, 0, 2;
    %pushi/vec4 0, 0, 1;
    %store/vec4 v0x5610701f0cc0_0, 0, 1;
    %pushi/vec4 0, 0, 1;
    %store/vec4 v0x5610701f0e20_0, 0, 1;
    %pushi/vec4 0, 0, 1;
    %store/vec4 v0x5610701f0d60_0, 0, 1;
    %load/vec4 v0x5610701f12e0_0;
    %parti/s 3, 12, 5;
    %dup/vec4;
    %pushi/vec4 0, 0, 3;
    %cmp/u;
    %jmp/1 T_1.12, 6;
    %dup/vec4;
    %pushi/vec4 4, 0, 3;
    %cmp/u;
    %jmp/1 T_1.13, 6;
    %dup/vec4;
    %pushi/vec4 6, 0, 3;
    %cmp/u;
    %jmp/1 T_1.14, 6;
    %dup/vec4;
    %pushi/vec4 7, 0, 3;
    %cmp/u;
    %jmp/1 T_1.15, 6;
    %dup/vec4;
    %pushi/vec4 1, 0, 3;
    %cmp/u;
    %jmp/1 T_1.16, 6;
    %dup/vec4;
    %pushi/vec4 5, 0, 3;
    %cmp/u;
    %jmp/1 T_1.17, 6;
    %dup/vec4;
    %pushi/vec4 2, 0, 3;
    %cmp/u;
    %jmp/1 T_1.18, 6;
    %dup/vec4;
    %pushi/vec4 3, 0, 3;
    %cmp/u;
    %jmp/1 T_1.19, 6;
    %pushi/vec4 0, 0, 4;
    %store/vec4 v0x5610701f0be0_0, 0, 4;
    %jmp T_1.21;
T_1.12 ;
    %pushi/vec4 0, 0, 4;
    %store/vec4 v0x5610701f0be0_0, 0, 4;
    %jmp T_1.21;
T_1.13 ;
    %pushi/vec4 5, 0, 4;
    %store/vec4 v0x5610701f0be0_0, 0, 4;
    %jmp T_1.21;
T_1.14 ;
    %pushi/vec4 4, 0, 4;
    %store/vec4 v0x5610701f0be0_0, 0, 4;
    %jmp T_1.21;
T_1.15 ;
    %pushi/vec4 2, 0, 4;
    %store/vec4 v0x5610701f0be0_0, 0, 4;
    %jmp T_1.21;
T_1.16 ;
    %pushi/vec4 8, 0, 4;
    %store/vec4 v0x5610701f0be0_0, 0, 4;
    %jmp T_1.21;
T_1.17 ;
    %pushi/vec4 9, 0, 4;
    %store/vec4 v0x5610701f0be0_0, 0, 4;
    %jmp T_1.21;
T_1.18 ;
    %pushi/vec4 3, 0, 4;
    %store/vec4 v0x5610701f0be0_0, 0, 4;
    %jmp T_1.21;
T_1.19 ;
    %pushi/vec4 7, 0, 4;
    %store/vec4 v0x5610701f0be0_0, 0, 4;
    %jmp T_1.21;
T_1.21 ;
    %pop/vec4 1;
    %jmp T_1.11;
T_1.1 ;
    %pushi/vec4 1, 0, 1;
    %store/vec4 v0x5610701f10b0_0, 0, 1;
    %pushi/vec4 1, 0, 2;
    %store/vec4 v0x5610701f0ae0_0, 0, 2;
    %pushi/vec4 1, 0, 1;
    %store/vec4 v0x5610701f0f30_0, 0, 1;
    %pushi/vec4 0, 0, 1;
    %store/vec4 v0x5610701f0ff0_0, 0, 1;
    %pushi/vec4 1, 0, 2;
    %store/vec4 v0x5610701f1170_0, 0, 2;
    %pushi/vec4 0, 0, 1;
    %store/vec4 v0x5610701f0cc0_0, 0, 1;
    %pushi/vec4 0, 0, 1;
    %store/vec4 v0x5610701f0e20_0, 0, 1;
    %pushi/vec4 0, 0, 1;
    %store/vec4 v0x5610701f0d60_0, 0, 1;
    %pushi/vec4 0, 0, 4;
    %store/vec4 v0x5610701f0be0_0, 0, 4;
    %jmp T_1.11;
T_1.2 ;
    %pushi/vec4 0, 0, 1;
    %store/vec4 v0x5610701f10b0_0, 0, 1;
    %pushi/vec4 1, 0, 2;
    %store/vec4 v0x5610701f0ae0_0, 0, 2;
    %pushi/vec4 0, 0, 1;
    %store/vec4 v0x5610701f0f30_0, 0, 1;
    %pushi/vec4 1, 0, 1;
    %store/vec4 v0x5610701f0ff0_0, 0, 1;
    %pushi/vec4 0, 0, 2;
    %store/vec4 v0x5610701f1170_0, 0, 2;
    %pushi/vec4 0, 0, 1;
    %store/vec4 v0x5610701f0cc0_0, 0, 1;
    %pushi/vec4 0, 0, 1;
    %store/vec4 v0x5610701f0e20_0, 0, 1;
    %pushi/vec4 0, 0, 1;
    %store/vec4 v0x5610701f0d60_0, 0, 1;
    %pushi/vec4 0, 0, 4;
    %store/vec4 v0x5610701f0be0_0, 0, 4;
    %jmp T_1.11;
T_1.3 ;
    %pushi/vec4 0, 0, 1;
    %store/vec4 v0x5610701f10b0_0, 0, 1;
    %pushi/vec4 0, 0, 2;
    %store/vec4 v0x5610701f0ae0_0, 0, 2;
    %pushi/vec4 0, 0, 1;
    %store/vec4 v0x5610701f0f30_0, 0, 1;
    %pushi/vec4 0, 0, 1;
    %store/vec4 v0x5610701f0ff0_0, 0, 1;
    %pushi/vec4 0, 0, 2;
    %store/vec4 v0x5610701f1170_0, 0, 2;
    %pushi/vec4 1, 0, 1;
    %store/vec4 v0x5610701f0cc0_0, 0, 1;
    %pushi/vec4 0, 0, 1;
    %store/vec4 v0x5610701f0e20_0, 0, 1;
    %pushi/vec4 0, 0, 1;
    %store/vec4 v0x5610701f0d60_0, 0, 1;
    %pushi/vec4 1, 0, 4;
    %store/vec4 v0x5610701f0be0_0, 0, 4;
    %jmp T_1.11;
T_1.4 ;
    %pushi/vec4 1, 0, 1;
    %store/vec4 v0x5610701f10b0_0, 0, 1;
    %pushi/vec4 1, 0, 2;
    %store/vec4 v0x5610701f0ae0_0, 0, 2;
    %pushi/vec4 0, 0, 1;
    %store/vec4 v0x5610701f0f30_0, 0, 1;
    %pushi/vec4 0, 0, 1;
    %store/vec4 v0x5610701f0ff0_0, 0, 1;
    %pushi/vec4 2, 0, 2;
    %store/vec4 v0x5610701f1170_0, 0, 2;
    %pushi/vec4 0, 0, 1;
    %store/vec4 v0x5610701f0cc0_0, 0, 1;
    %pushi/vec4 1, 0, 1;
    %store/vec4 v0x5610701f0e20_0, 0, 1;
    %pushi/vec4 0, 0, 1;
    %store/vec4 v0x5610701f0d60_0, 0, 1;
    %pushi/vec4 0, 0, 4;
    %store/vec4 v0x5610701f0be0_0, 0, 4;
    %jmp T_1.11;
T_1.5 ;
    %pushi/vec4 1, 0, 1;
    %store/vec4 v0x5610701f10b0_0, 0, 1;
    %pushi/vec4 1, 0, 2;
    %store/vec4 v0x5610701f0ae0_0, 0, 2;
    %pushi/vec4 0, 0, 1;
    %store/vec4 v0x5610701f0f30_0, 0, 1;
    %pushi/vec4 0, 0, 1;
    %store/vec4 v0x5610701f0ff0_0, 0, 1;
    %pushi/vec4 2, 0, 2;
    %store/vec4 v0x5610701f1170_0, 0, 2;
    %pushi/vec4 0, 0, 1;
    %store/vec4 v0x5610701f0cc0_0, 0, 1;
    %pushi/vec4 1, 0, 1;
    %store/vec4 v0x5610701f0e20_0, 0, 1;
    %pushi/vec4 0, 0, 1;
    %store/vec4 v0x5610701f0d60_0, 0, 1;
    %pushi/vec4 0, 0, 4;
    %store/vec4 v0x5610701f0be0_0, 0, 4;
    %jmp T_1.11;
T_1.6 ;
    %pushi/vec4 1, 0, 1;
    %store/vec4 v0x5610701f10b0_0, 0, 1;
    %pushi/vec4 1, 0, 2;
    %store/vec4 v0x5610701f0ae0_0, 0, 2;
    %pushi/vec4 0, 0, 1;
    %store/vec4 v0x5610701f0f30_0, 0, 1;
    %pushi/vec4 0, 0, 1;
    %store/vec4 v0x5610701f0ff0_0, 0, 1;
    %pushi/vec4 0, 0, 2;
    %store/vec4 v0x5610701f1170_0, 0, 2;
    %pushi/vec4 0, 0, 1;
    %store/vec4 v0x5610701f0cc0_0, 0, 1;
    %pushi/vec4 0, 0, 1;
    %store/vec4 v0x5610701f0e20_0, 0, 1;
    %pushi/vec4 0, 0, 1;
    %store/vec4 v0x5610701f0d60_0, 0, 1;
    %pushi/vec4 0, 0, 4;
    %store/vec4 v0x5610701f0be0_0, 0, 4;
    %jmp T_1.11;
T_1.7 ;
    %pushi/vec4 1, 0, 1;
    %store/vec4 v0x5610701f10b0_0, 0, 1;
    %pushi/vec4 2, 0, 2;
    %store/vec4 v0x5610701f0ae0_0, 0, 2;
    %pushi/vec4 0, 0, 1;
    %store/vec4 v0x5610701f0f30_0, 0, 1;
    %pushi/vec4 0, 0, 1;
    %store/vec4 v0x5610701f0ff0_0, 0, 1;
    %pushi/vec4 0, 0, 2;
    %store/vec4 v0x5610701f1170_0, 0, 2;
    %pushi/vec4 0, 0, 1;
    %store/vec4 v0x5610701f0cc0_0, 0, 1;
    %pushi/vec4 0, 0, 1;
    %store/vec4 v0x5610701f0e20_0, 0, 1;
    %pushi/vec4 0, 0, 1;
    %store/vec4 v0x5610701f0d60_0, 0, 1;
    %pushi/vec4 0, 0, 4;
    %store/vec4 v0x5610701f0be0_0, 0, 4;
    %jmp T_1.11;
T_1.8 ;
    %pushi/vec4 1, 0, 1;
    %store/vec4 v0x5610701f10b0_0, 0, 1;
    %pushi/vec4 0, 0, 2;
    %store/vec4 v0x5610701f0ae0_0, 0, 2;
    %pushi/vec4 0, 0, 1;
    %store/vec4 v0x5610701f0f30_0, 0, 1;
    %pushi/vec4 0, 0, 1;
    %store/vec4 v0x5610701f0ff0_0, 0, 1;
    %pushi/vec4 0, 0, 2;
    %store/vec4 v0x5610701f1170_0, 0, 2;
    %pushi/vec4 0, 0, 1;
    %store/vec4 v0x5610701f0cc0_0, 0, 1;
    %pushi/vec4 0, 0, 1;
    %store/vec4 v0x5610701f0e20_0, 0, 1;
    %pushi/vec4 0, 0, 1;
    %store/vec4 v0x5610701f0d60_0, 0, 1;
    %load/vec4 v0x5610701f12e0_0;
    %parti/s 3, 12, 5;
    %load/vec4 v0x5610701f12e0_0;
    %parti/s 7, 25, 6;
    %concat/vec4; draw_concat_vec4
    %dup/vec4;
    %pushi/vec4 0, 0, 10;
    %cmp/u;
    %jmp/1 T_1.22, 6;
    %dup/vec4;
    %pushi/vec4 32, 0, 10;
    %cmp/u;
    %jmp/1 T_1.23, 6;
    %dup/vec4;
    %pushi/vec4 512, 0, 10;
    %cmp/u;
    %jmp/1 T_1.24, 6;
    %dup/vec4;
    %pushi/vec4 768, 0, 10;
    %cmp/u;
    %jmp/1 T_1.25, 6;
    %dup/vec4;
    %pushi/vec4 896, 0, 10;
    %cmp/u;
    %jmp/1 T_1.26, 6;
    %dup/vec4;
    %pushi/vec4 128, 0, 10;
    %cmp/u;
    %jmp/1 T_1.27, 6;
    %dup/vec4;
    %pushi/vec4 640, 0, 10;
    %cmp/u;
    %jmp/1 T_1.28, 6;
    %dup/vec4;
    %pushi/vec4 256, 0, 10;
    %cmp/u;
    %jmp/1 T_1.29, 6;
    %dup/vec4;
    %pushi/vec4 384, 0, 10;
    %cmp/u;
    %jmp/1 T_1.30, 6;
    %pushi/vec4 0, 0, 4;
    %store/vec4 v0x5610701f0be0_0, 0, 4;
    %jmp T_1.32;
T_1.22 ;
    %pushi/vec4 0, 0, 4;
    %store/vec4 v0x5610701f0be0_0, 0, 4;
    %jmp T_1.32;
T_1.23 ;
    %pushi/vec4 1, 0, 4;
    %store/vec4 v0x5610701f0be0_0, 0, 4;
    %jmp T_1.32;
T_1.24 ;
    %pushi/vec4 5, 0, 4;
    %store/vec4 v0x5610701f0be0_0, 0, 4;
    %jmp T_1.32;
T_1.25 ;
    %pushi/vec4 4, 0, 4;
    %store/vec4 v0x5610701f0be0_0, 0, 4;
    %jmp T_1.32;
T_1.26 ;
    %pushi/vec4 2, 0, 4;
    %store/vec4 v0x5610701f0be0_0, 0, 4;
    %jmp T_1.32;
T_1.27 ;
    %pushi/vec4 8, 0, 4;
    %store/vec4 v0x5610701f0be0_0, 0, 4;
    %jmp T_1.32;
T_1.28 ;
    %pushi/vec4 9, 0, 4;
    %store/vec4 v0x5610701f0be0_0, 0, 4;
    %jmp T_1.32;
T_1.29 ;
    %pushi/vec4 3, 0, 4;
    %store/vec4 v0x5610701f0be0_0, 0, 4;
    %jmp T_1.32;
T_1.30 ;
    %pushi/vec4 7, 0, 4;
    %store/vec4 v0x5610701f0be0_0, 0, 4;
    %jmp T_1.32;
T_1.32 ;
    %pop/vec4 1;
    %jmp T_1.11;
T_1.9 ;
    %pushi/vec4 0, 0, 1;
    %store/vec4 v0x5610701f10b0_0, 0, 1;
    %pushi/vec4 0, 0, 2;
    %store/vec4 v0x5610701f0ae0_0, 0, 2;
    %pushi/vec4 0, 0, 1;
    %store/vec4 v0x5610701f0f30_0, 0, 1;
    %pushi/vec4 0, 0, 1;
    %store/vec4 v0x5610701f0ff0_0, 0, 1;
    %pushi/vec4 0, 0, 2;
    %store/vec4 v0x5610701f1170_0, 0, 2;
    %pushi/vec4 0, 0, 1;
    %store/vec4 v0x5610701f0cc0_0, 0, 1;
    %pushi/vec4 0, 0, 1;
    %store/vec4 v0x5610701f0e20_0, 0, 1;
    %pushi/vec4 1, 0, 1;
    %store/vec4 v0x5610701f0d60_0, 0, 1;
    %pushi/vec4 0, 0, 4;
    %store/vec4 v0x5610701f0be0_0, 0, 4;
    %jmp T_1.11;
T_1.11 ;
    %pop/vec4 1;
    %jmp T_1;
    .thread T_1, $push;
    .scope S_0x5610701cf060;
T_2 ;
    %vpi_call 2 56 "$display", "--- Starting Control Unit Verification ---" {0 0 0};
    %pushi/vec4 51, 0, 32;
    %store/vec4 v0x5610701f1d20_0, 0, 32;
    %pushi/vec4 0, 0, 32; draw_string_vec4
    %pushi/vec4 0, 0, 32; draw_string_vec4
    %concat/vec4; draw_string_vec4
    %pushi/vec4 0, 0, 32; draw_string_vec4
    %concat/vec4; draw_string_vec4
    %pushi/vec4 0, 0, 32; draw_string_vec4
    %concat/vec4; draw_string_vec4
    %pushi/vec4 0, 0, 32; draw_string_vec4
    %concat/vec4; draw_string_vec4
    %pushi/vec4 21037, 0, 32; draw_string_vec4
    %concat/vec4; draw_string_vec4
    %pushi/vec4 1417244773, 0, 32; draw_string_vec4
    %concat/vec4; draw_string_vec4
    %pushi/vec4 541148228, 0, 32; draw_string_vec4
    %concat/vec4; draw_string_vec4
    %store/vec4 v0x5610701f0830_0, 0, 256;
    %pushi/vec4 1, 0, 1;
    %store/vec4 v0x5610701f0690_0, 0, 1;
    %pushi/vec4 0, 0, 1;
    %store/vec4 v0x5610701f0510_0, 0, 1;
    %pushi/vec4 0, 0, 1;
    %store/vec4 v0x5610701f05d0_0, 0, 1;
    %pushi/vec4 0, 0, 1;
    %store/vec4 v0x5610701f02a0_0, 0, 1;
    %pushi/vec4 0, 0, 1;
    %store/vec4 v0x5610701f0400_0, 0, 1;
    %pushi/vec4 0, 0, 1;
    %store/vec4 v0x5610701f0340_0, 0, 1;
    %pushi/vec4 0, 0, 2;
    %store/vec4 v0x5610701f0750_0, 0, 2;
    %pushi/vec4 0, 0, 2;
    %store/vec4 v0x5610701bcc40_0, 0, 2;
    %pushi/vec4 0, 0, 4;
    %store/vec4 v0x5610701f01c0_0, 0, 4;
    %fork TD_control_unit_tb.check_outputs, S_0x5610701bca60;
    %join;
    %pushi/vec4 1073741875, 0, 32;
    %store/vec4 v0x5610701f1d20_0, 0, 32;
    %pushi/vec4 0, 0, 32; draw_string_vec4
    %pushi/vec4 0, 0, 32; draw_string_vec4
    %concat/vec4; draw_string_vec4
    %pushi/vec4 0, 0, 32; draw_string_vec4
    %concat/vec4; draw_string_vec4
    %pushi/vec4 0, 0, 32; draw_string_vec4
    %concat/vec4; draw_string_vec4
    %pushi/vec4 0, 0, 32; draw_string_vec4
    %concat/vec4; draw_string_vec4
    %pushi/vec4 21037, 0, 32; draw_string_vec4
    %concat/vec4; draw_string_vec4
    %pushi/vec4 1417244773, 0, 32; draw_string_vec4
    %concat/vec4; draw_string_vec4
    %pushi/vec4 542332226, 0, 32; draw_string_vec4
    %concat/vec4; draw_string_vec4
    %store/vec4 v0x5610701f0830_0, 0, 256;
    %pushi/vec4 1, 0, 1;
    %store/vec4 v0x5610701f0690_0, 0, 1;
    %pushi/vec4 0, 0, 1;
    %store/vec4 v0x5610701f0510_0, 0, 1;
    %pushi/vec4 0, 0, 1;
    %store/vec4 v0x5610701f05d0_0, 0, 1;
    %pushi/vec4 0, 0, 1;
    %store/vec4 v0x5610701f02a0_0, 0, 1;
    %pushi/vec4 0, 0, 1;
    %store/vec4 v0x5610701f0400_0, 0, 1;
    %pushi/vec4 0, 0, 1;
    %store/vec4 v0x5610701f0340_0, 0, 1;
    %pushi/vec4 0, 0, 2;
    %store/vec4 v0x5610701f0750_0, 0, 2;
    %pushi/vec4 0, 0, 2;
    %store/vec4 v0x5610701bcc40_0, 0, 2;
    %pushi/vec4 1, 0, 4;
    %store/vec4 v0x5610701f01c0_0, 0, 4;
    %fork TD_control_unit_tb.check_outputs, S_0x5610701bca60;
    %join;
    %pushi/vec4 19, 0, 32;
    %store/vec4 v0x5610701f1d20_0, 0, 32;
    %pushi/vec4 0, 0, 32; draw_string_vec4
    %pushi/vec4 0, 0, 32; draw_string_vec4
    %concat/vec4; draw_string_vec4
    %pushi/vec4 0, 0, 32; draw_string_vec4
    %concat/vec4; draw_string_vec4
    %pushi/vec4 0, 0, 32; draw_string_vec4
    %concat/vec4; draw_string_vec4
    %pushi/vec4 0, 0, 32; draw_string_vec4
    %concat/vec4; draw_string_vec4
    %pushi/vec4 4795732, 0, 32; draw_string_vec4
    %concat/vec4; draw_string_vec4
    %pushi/vec4 2037409056, 0, 32; draw_string_vec4
    %concat/vec4; draw_string_vec4
    %pushi/vec4 1094992969, 0, 32; draw_string_vec4
    %concat/vec4; draw_string_vec4
    %store/vec4 v0x5610701f0830_0, 0, 256;
    %pushi/vec4 1, 0, 1;
    %store/vec4 v0x5610701f0690_0, 0, 1;
    %pushi/vec4 0, 0, 1;
    %store/vec4 v0x5610701f0510_0, 0, 1;
    %pushi/vec4 0, 0, 1;
    %store/vec4 v0x5610701f05d0_0, 0, 1;
    %pushi/vec4 0, 0, 1;
    %store/vec4 v0x5610701f02a0_0, 0, 1;
    %pushi/vec4 0, 0, 1;
    %store/vec4 v0x5610701f0400_0, 0, 1;
    %pushi/vec4 0, 0, 1;
    %store/vec4 v0x5610701f0340_0, 0, 1;
    %pushi/vec4 0, 0, 2;
    %store/vec4 v0x5610701f0750_0, 0, 2;
    %pushi/vec4 1, 0, 2;
    %store/vec4 v0x5610701bcc40_0, 0, 2;
    %pushi/vec4 0, 0, 4;
    %store/vec4 v0x5610701f01c0_0, 0, 4;
    %fork TD_control_unit_tb.check_outputs, S_0x5610701bca60;
    %join;
    %pushi/vec4 3, 0, 32;
    %store/vec4 v0x5610701f1d20_0, 0, 32;
    %pushi/vec4 0, 0, 32; draw_string_vec4
    %pushi/vec4 0, 0, 32; draw_string_vec4
    %concat/vec4; draw_string_vec4
    %pushi/vec4 0, 0, 32; draw_string_vec4
    %concat/vec4; draw_string_vec4
    %pushi/vec4 0, 0, 32; draw_string_vec4
    %concat/vec4; draw_string_vec4
    %pushi/vec4 0, 0, 32; draw_string_vec4
    %concat/vec4; draw_string_vec4
    %pushi/vec4 73, 0, 32; draw_string_vec4
    %concat/vec4; draw_string_vec4
    %pushi/vec4 760510832, 0, 32; draw_string_vec4
    %concat/vec4; draw_string_vec4
    %pushi/vec4 1696615511, 0, 32; draw_string_vec4
    %concat/vec4; draw_string_vec4
    %store/vec4 v0x5610701f0830_0, 0, 256;
    %pushi/vec4 1, 0, 1;
    %store/vec4 v0x5610701f0690_0, 0, 1;
    %pushi/vec4 1, 0, 1;
    %store/vec4 v0x5610701f0510_0, 0, 1;
    %pushi/vec4 0, 0, 1;
    %store/vec4 v0x5610701f05d0_0, 0, 1;
    %pushi/vec4 0, 0, 1;
    %store/vec4 v0x5610701f02a0_0, 0, 1;
    %pushi/vec4 0, 0, 1;
    %store/vec4 v0x5610701f0400_0, 0, 1;
    %pushi/vec4 0, 0, 1;
    %store/vec4 v0x5610701f0340_0, 0, 1;
    %pushi/vec4 1, 0, 2;
    %store/vec4 v0x5610701f0750_0, 0, 2;
    %pushi/vec4 1, 0, 2;
    %store/vec4 v0x5610701bcc40_0, 0, 2;
    %pushi/vec4 0, 0, 4;
    %store/vec4 v0x5610701f01c0_0, 0, 4;
    %fork TD_control_unit_tb.check_outputs, S_0x5610701bca60;
    %join;
    %pushi/vec4 35, 0, 32;
    %store/vec4 v0x5610701f1d20_0, 0, 32;
    %pushi/vec4 0, 0, 32; draw_string_vec4
    %pushi/vec4 0, 0, 32; draw_string_vec4
    %concat/vec4; draw_string_vec4
    %pushi/vec4 0, 0, 32; draw_string_vec4
    %concat/vec4; draw_string_vec4
    %pushi/vec4 0, 0, 32; draw_string_vec4
    %concat/vec4; draw_string_vec4
    %pushi/vec4 0, 0, 32; draw_string_vec4
    %concat/vec4; draw_string_vec4
    %pushi/vec4 83, 0, 32; draw_string_vec4
    %concat/vec4; draw_string_vec4
    %pushi/vec4 760510832, 0, 32; draw_string_vec4
    %concat/vec4; draw_string_vec4
    %pushi/vec4 1696617303, 0, 32; draw_string_vec4
    %concat/vec4; draw_string_vec4
    %store/vec4 v0x5610701f0830_0, 0, 256;
    %pushi/vec4 0, 0, 1;
    %store/vec4 v0x5610701f0690_0, 0, 1;
    %pushi/vec4 0, 0, 1;
    %store/vec4 v0x5610701f0510_0, 0, 1;
    %pushi/vec4 1, 0, 1;
    %store/vec4 v0x5610701f05d0_0, 0, 1;
    %pushi/vec4 0, 0, 1;
    %store/vec4 v0x5610701f02a0_0, 0, 1;
    %pushi/vec4 0, 0, 1;
    %store/vec4 v0x5610701f0400_0, 0, 1;
    %pushi/vec4 0, 0, 1;
    %store/vec4 v0x5610701f0340_0, 0, 1;
    %pushi/vec4 0, 0, 2;
    %store/vec4 v0x5610701f0750_0, 0, 2;
    %pushi/vec4 1, 0, 2;
    %store/vec4 v0x5610701bcc40_0, 0, 2;
    %pushi/vec4 0, 0, 4;
    %store/vec4 v0x5610701f01c0_0, 0, 4;
    %fork TD_control_unit_tb.check_outputs, S_0x5610701bca60;
    %join;
    %pushi/vec4 99, 0, 32;
    %store/vec4 v0x5610701f1d20_0, 0, 32;
    %pushi/vec4 0, 0, 32; draw_string_vec4
    %pushi/vec4 0, 0, 32; draw_string_vec4
    %concat/vec4; draw_string_vec4
    %pushi/vec4 0, 0, 32; draw_string_vec4
    %concat/vec4; draw_string_vec4
    %pushi/vec4 0, 0, 32; draw_string_vec4
    %concat/vec4; draw_string_vec4
    %pushi/vec4 0, 0, 32; draw_string_vec4
    %concat/vec4; draw_string_vec4
    %pushi/vec4 16941, 0, 32; draw_string_vec4
    %concat/vec4; draw_string_vec4
    %pushi/vec4 1417244773, 0, 32; draw_string_vec4
    %concat/vec4; draw_string_vec4
    %pushi/vec4 541214033, 0, 32; draw_string_vec4
    %concat/vec4; draw_string_vec4
    %store/vec4 v0x5610701f0830_0, 0, 256;
    %pushi/vec4 0, 0, 1;
    %store/vec4 v0x5610701f0690_0, 0, 1;
    %pushi/vec4 0, 0, 1;
    %store/vec4 v0x5610701f0510_0, 0, 1;
    %pushi/vec4 0, 0, 1;
    %store/vec4 v0x5610701f05d0_0, 0, 1;
    %pushi/vec4 1, 0, 1;
    %store/vec4 v0x5610701f02a0_0, 0, 1;
    %pushi/vec4 0, 0, 1;
    %store/vec4 v0x5610701f0400_0, 0, 1;
    %pushi/vec4 0, 0, 1;
    %store/vec4 v0x5610701f0340_0, 0, 1;
    %pushi/vec4 0, 0, 2;
    %store/vec4 v0x5610701f0750_0, 0, 2;
    %pushi/vec4 0, 0, 2;
    %store/vec4 v0x5610701bcc40_0, 0, 2;
    %pushi/vec4 1, 0, 4;
    %store/vec4 v0x5610701f01c0_0, 0, 4;
    %fork TD_control_unit_tb.check_outputs, S_0x5610701bca60;
    %join;
    %pushi/vec4 111, 0, 32;
    %store/vec4 v0x5610701f1d20_0, 0, 32;
    %pushi/vec4 0, 0, 32; draw_string_vec4
    %pushi/vec4 0, 0, 32; draw_string_vec4
    %concat/vec4; draw_string_vec4
    %pushi/vec4 0, 0, 32; draw_string_vec4
    %concat/vec4; draw_string_vec4
    %pushi/vec4 0, 0, 32; draw_string_vec4
    %concat/vec4; draw_string_vec4
    %pushi/vec4 0, 0, 32; draw_string_vec4
    %concat/vec4; draw_string_vec4
    %pushi/vec4 18989, 0, 32; draw_string_vec4
    %concat/vec4; draw_string_vec4
    %pushi/vec4 1417244773, 0, 32; draw_string_vec4
    %concat/vec4; draw_string_vec4
    %pushi/vec4 541737292, 0, 32; draw_string_vec4
    %concat/vec4; draw_string_vec4
    %store/vec4 v0x5610701f0830_0, 0, 256;
    %pushi/vec4 1, 0, 1;
    %store/vec4 v0x5610701f0690_0, 0, 1;
    %pushi/vec4 0, 0, 1;
    %store/vec4 v0x5610701f0510_0, 0, 1;
    %pushi/vec4 0, 0, 1;
    %store/vec4 v0x5610701f05d0_0, 0, 1;
    %pushi/vec4 0, 0, 1;
    %store/vec4 v0x5610701f02a0_0, 0, 1;
    %pushi/vec4 1, 0, 1;
    %store/vec4 v0x5610701f0400_0, 0, 1;
    %pushi/vec4 0, 0, 1;
    %store/vec4 v0x5610701f0340_0, 0, 1;
    %pushi/vec4 2, 0, 2;
    %store/vec4 v0x5610701f0750_0, 0, 2;
    %pushi/vec4 1, 0, 2;
    %store/vec4 v0x5610701bcc40_0, 0, 2;
    %pushi/vec4 0, 0, 4;
    %store/vec4 v0x5610701f01c0_0, 0, 4;
    %fork TD_control_unit_tb.check_outputs, S_0x5610701bca60;
    %join;
    %pushi/vec4 103, 0, 32;
    %store/vec4 v0x5610701f1d20_0, 0, 32;
    %pushi/vec4 0, 0, 32; draw_string_vec4
    %pushi/vec4 0, 0, 32; draw_string_vec4
    %concat/vec4; draw_string_vec4
    %pushi/vec4 0, 0, 32; draw_string_vec4
    %concat/vec4; draw_string_vec4
    %pushi/vec4 0, 0, 32; draw_string_vec4
    %concat/vec4; draw_string_vec4
    %pushi/vec4 0, 0, 32; draw_string_vec4
    %concat/vec4; draw_string_vec4
    %pushi/vec4 4795732, 0, 32; draw_string_vec4
    %concat/vec4; draw_string_vec4
    %pushi/vec4 2037409056, 0, 32; draw_string_vec4
    %concat/vec4; draw_string_vec4
    %pushi/vec4 1245793362, 0, 32; draw_string_vec4
    %concat/vec4; draw_string_vec4
    %store/vec4 v0x5610701f0830_0, 0, 256;
    %pushi/vec4 1, 0, 1;
    %store/vec4 v0x5610701f0690_0, 0, 1;
    %pushi/vec4 0, 0, 1;
    %store/vec4 v0x5610701f0510_0, 0, 1;
    %pushi/vec4 0, 0, 1;
    %store/vec4 v0x5610701f05d0_0, 0, 1;
    %pushi/vec4 0, 0, 1;
    %store/vec4 v0x5610701f02a0_0, 0, 1;
    %pushi/vec4 1, 0, 1;
    %store/vec4 v0x5610701f0400_0, 0, 1;
    %pushi/vec4 0, 0, 1;
    %store/vec4 v0x5610701f0340_0, 0, 1;
    %pushi/vec4 2, 0, 2;
    %store/vec4 v0x5610701f0750_0, 0, 2;
    %pushi/vec4 1, 0, 2;
    %store/vec4 v0x5610701bcc40_0, 0, 2;
    %pushi/vec4 0, 0, 4;
    %store/vec4 v0x5610701f01c0_0, 0, 4;
    %fork TD_control_unit_tb.check_outputs, S_0x5610701bca60;
    %join;
    %pushi/vec4 115, 0, 32;
    %store/vec4 v0x5610701f1d20_0, 0, 32;
    %pushi/vec4 0, 0, 32; draw_string_vec4
    %pushi/vec4 0, 0, 32; draw_string_vec4
    %concat/vec4; draw_string_vec4
    %pushi/vec4 0, 0, 32; draw_string_vec4
    %concat/vec4; draw_string_vec4
    %pushi/vec4 0, 0, 32; draw_string_vec4
    %concat/vec4; draw_string_vec4
    %pushi/vec4 0, 0, 32; draw_string_vec4
    %concat/vec4; draw_string_vec4
    %pushi/vec4 1398362964, 0, 32; draw_string_vec4
    %concat/vec4; draw_string_vec4
    %pushi/vec4 1162682437, 0, 32; draw_string_vec4
    %concat/vec4; draw_string_vec4
    %pushi/vec4 1128352844, 0, 32; draw_string_vec4
    %concat/vec4; draw_string_vec4
    %store/vec4 v0x5610701f0830_0, 0, 256;
    %pushi/vec4 0, 0, 1;
    %store/vec4 v0x5610701f0690_0, 0, 1;
    %pushi/vec4 0, 0, 1;
    %store/vec4 v0x5610701f0510_0, 0, 1;
    %pushi/vec4 0, 0, 1;
    %store/vec4 v0x5610701f05d0_0, 0, 1;
    %pushi/vec4 0, 0, 1;
    %store/vec4 v0x5610701f02a0_0, 0, 1;
    %pushi/vec4 0, 0, 1;
    %store/vec4 v0x5610701f0400_0, 0, 1;
    %pushi/vec4 1, 0, 1;
    %store/vec4 v0x5610701f0340_0, 0, 1;
    %pushi/vec4 0, 0, 2;
    %store/vec4 v0x5610701f0750_0, 0, 2;
    %pushi/vec4 0, 0, 2;
    %store/vec4 v0x5610701bcc40_0, 0, 2;
    %pushi/vec4 0, 0, 4;
    %store/vec4 v0x5610701f01c0_0, 0, 4;
    %fork TD_control_unit_tb.check_outputs, S_0x5610701bca60;
    %join;
    %vpi_call 2 94 "$display", "--- Verification Complete ---" {0 0 0};
    %vpi_call 2 95 "$finish" {0 0 0};
    %end;
    .thread T_2;
# The file index is used to find the file name in the following table.
:file_names 4;
    "N/A";
    "<interactive>";
    "tb/control_unit_tb.v";
    "rtl/control_unit.v";
